Archive member included to satisfy reference by file (symbol)

c:/st/stm32cubeide_1.5.1/stm32cubeide/plugins/com.st.stm32cube.ide.mcu.externaltools.gnu-tools-for-stm32.9-2020-q2-update.win32_1.5.0.202011040924/tools/bin/../lib/gcc/arm-none-eabi/9.3.1/../../../../arm-none-eabi/lib/thumb/v7e-m+fp/hard\libc_nano.a(lib_a-atoi.o)
                              Core/Src/main.o (atoi)
c:/st/stm32cubeide_1.5.1/stm32cubeide/plugins/com.st.stm32cube.ide.mcu.externaltools.gnu-tools-for-stm32.9-2020-q2-update.win32_1.5.0.202011040924/tools/bin/../lib/gcc/arm-none-eabi/9.3.1/../../../../arm-none-eabi/lib/thumb/v7e-m+fp/hard\libc_nano.a(lib_a-errno.o)
                              Core/Src/syscalls.o (__errno)
c:/st/stm32cubeide_1.5.1/stm32cubeide/plugins/com.st.stm32cube.ide.mcu.externaltools.gnu-tools-for-stm32.9-2020-q2-update.win32_1.5.0.202011040924/tools/bin/../lib/gcc/arm-none-eabi/9.3.1/../../../../arm-none-eabi/lib/thumb/v7e-m+fp/hard\libc_nano.a(lib_a-exit.o)
                              c:/st/stm32cubeide_1.5.1/stm32cubeide/plugins/com.st.stm32cube.ide.mcu.externaltools.gnu-tools-for-stm32.9-2020-q2-update.win32_1.5.0.202011040924/tools/bin/../lib/gcc/arm-none-eabi/9.3.1/../../../../arm-none-eabi/lib/thumb/v7e-m+fp/hard/crt0.o (exit)
c:/st/stm32cubeide_1.5.1/stm32cubeide/plugins/com.st.stm32cube.ide.mcu.externaltools.gnu-tools-for-stm32.9-2020-q2-update.win32_1.5.0.202011040924/tools/bin/../lib/gcc/arm-none-eabi/9.3.1/../../../../arm-none-eabi/lib/thumb/v7e-m+fp/hard\libc_nano.a(lib_a-impure.o)
                              c:/st/stm32cubeide_1.5.1/stm32cubeide/plugins/com.st.stm32cube.ide.mcu.externaltools.gnu-tools-for-stm32.9-2020-q2-update.win32_1.5.0.202011040924/tools/bin/../lib/gcc/arm-none-eabi/9.3.1/../../../../arm-none-eabi/lib/thumb/v7e-m+fp/hard\libc_nano.a(lib_a-exit.o) (_global_impure_ptr)
c:/st/stm32cubeide_1.5.1/stm32cubeide/plugins/com.st.stm32cube.ide.mcu.externaltools.gnu-tools-for-stm32.9-2020-q2-update.win32_1.5.0.202011040924/tools/bin/../lib/gcc/arm-none-eabi/9.3.1/../../../../arm-none-eabi/lib/thumb/v7e-m+fp/hard\libc_nano.a(lib_a-init.o)
                              c:/st/stm32cubeide_1.5.1/stm32cubeide/plugins/com.st.stm32cube.ide.mcu.externaltools.gnu-tools-for-stm32.9-2020-q2-update.win32_1.5.0.202011040924/tools/bin/../lib/gcc/arm-none-eabi/9.3.1/../../../../arm-none-eabi/lib/thumb/v7e-m+fp/hard/crt0.o (__libc_init_array)
c:/st/stm32cubeide_1.5.1/stm32cubeide/plugins/com.st.stm32cube.ide.mcu.externaltools.gnu-tools-for-stm32.9-2020-q2-update.win32_1.5.0.202011040924/tools/bin/../lib/gcc/arm-none-eabi/9.3.1/../../../../arm-none-eabi/lib/thumb/v7e-m+fp/hard\libc_nano.a(lib_a-memset.o)
                              c:/st/stm32cubeide_1.5.1/stm32cubeide/plugins/com.st.stm32cube.ide.mcu.externaltools.gnu-tools-for-stm32.9-2020-q2-update.win32_1.5.0.202011040924/tools/bin/../lib/gcc/arm-none-eabi/9.3.1/../../../../arm-none-eabi/lib/thumb/v7e-m+fp/hard/crt0.o (memset)
c:/st/stm32cubeide_1.5.1/stm32cubeide/plugins/com.st.stm32cube.ide.mcu.externaltools.gnu-tools-for-stm32.9-2020-q2-update.win32_1.5.0.202011040924/tools/bin/../lib/gcc/arm-none-eabi/9.3.1/../../../../arm-none-eabi/lib/thumb/v7e-m+fp/hard\libc_nano.a(lib_a-sprintf.o)
                              Core/Src/main.o (sprintf)
c:/st/stm32cubeide_1.5.1/stm32cubeide/plugins/com.st.stm32cube.ide.mcu.externaltools.gnu-tools-for-stm32.9-2020-q2-update.win32_1.5.0.202011040924/tools/bin/../lib/gcc/arm-none-eabi/9.3.1/../../../../arm-none-eabi/lib/thumb/v7e-m+fp/hard\libc_nano.a(lib_a-strcat.o)
                              Core/Src/mylibrary.o (strcat)
c:/st/stm32cubeide_1.5.1/stm32cubeide/plugins/com.st.stm32cube.ide.mcu.externaltools.gnu-tools-for-stm32.9-2020-q2-update.win32_1.5.0.202011040924/tools/bin/../lib/gcc/arm-none-eabi/9.3.1/../../../../arm-none-eabi/lib/thumb/v7e-m+fp/hard\libc_nano.a(lib_a-strcmp.o)
                              Core/Src/main.o (strcmp)
c:/st/stm32cubeide_1.5.1/stm32cubeide/plugins/com.st.stm32cube.ide.mcu.externaltools.gnu-tools-for-stm32.9-2020-q2-update.win32_1.5.0.202011040924/tools/bin/../lib/gcc/arm-none-eabi/9.3.1/../../../../arm-none-eabi/lib/thumb/v7e-m+fp/hard\libc_nano.a(lib_a-strlen.o)
                              Core/Src/mylibrary.o (strlen)
c:/st/stm32cubeide_1.5.1/stm32cubeide/plugins/com.st.stm32cube.ide.mcu.externaltools.gnu-tools-for-stm32.9-2020-q2-update.win32_1.5.0.202011040924/tools/bin/../lib/gcc/arm-none-eabi/9.3.1/../../../../arm-none-eabi/lib/thumb/v7e-m+fp/hard\libc_nano.a(lib_a-strncpy.o)
                              Core/Src/main.o (strncpy)
c:/st/stm32cubeide_1.5.1/stm32cubeide/plugins/com.st.stm32cube.ide.mcu.externaltools.gnu-tools-for-stm32.9-2020-q2-update.win32_1.5.0.202011040924/tools/bin/../lib/gcc/arm-none-eabi/9.3.1/../../../../arm-none-eabi/lib/thumb/v7e-m+fp/hard\libc_nano.a(lib_a-strstr.o)
                              Core/Src/mylibrary.o (strstr)
[...]
Memory Configuration

Name             Origin             Length             Attributes
CCMRAM           0x0000000010000000 0x0000000000010000 xrw
RAM              0x0000000020000000 0x0000000000030000 xrw
FLASH            0x0000000008000000 0x0000000000200000 xr
*default*        0x0000000000000000 0xffffffffffffffff

Linker script and memory map

LOAD c:/st/stm32cubeide_1.5.1/stm32cubeide/plugins/com.st.stm32cube.ide.mcu.externaltools.gnu-tools-for-stm32.9-2020-q2-update.win32_1.5.0.202011040924/tools/bin/../lib/gcc/arm-none-eabi/9.3.1/thumb/v7e-m+fp/hard/crti.o
LOAD c:/st/stm32cubeide_1.5.1/stm32cubeide/plugins/com.st.stm32cube.ide.mcu.externaltools.gnu-tools-for-stm32.9-2020-q2-update.win32_1.5.0.202011040924/tools/bin/../lib/gcc/arm-none-eabi/9.3.1/thumb/v7e-m+fp/hard/crtbegin.o
LOAD c:/st/stm32cubeide_1.5.1/stm32cubeide/plugins/com.st.stm32cube.ide.mcu.externaltools.gnu-tools-for-stm32.9-2020-q2-update.win32_1.5.0.202011040924/tools/bin/../lib/gcc/arm-none-eabi/9.3.1/../../../../arm-none-eabi/lib/thumb/v7e-m+fp/hard/crt0.o
LOAD Core/Src/graphic.o
LOAD Core/Src/lcd.o
LOAD Core/Src/ltdc.o
LOAD Core/Src/main.o
LOAD Core/Src/mylibrary.o
LOAD Core/Src/screens.o
LOAD Core/Src/spi.o
LOAD Core/Src/stm32f4xx_hal_msp.o
LOAD Core/Src/stm32f4xx_it.o
LOAD Core/Src/syscalls.o
LOAD Core/Src/sysmem.o
LOAD Core/Src/system_stm32f4xx.o
LOAD Core/Startup/startup_stm32f429zitx.o
LOAD Drivers/STM32F4xx_HAL_Driver/Src/stm32f4xx_hal.o
LOAD Drivers/STM32F4xx_HAL_Driver/Src/stm32f4xx_hal_cortex.o
LOAD Drivers/STM32F4xx_HAL_Driver/Src/stm32f4xx_hal_dma.o
LOAD Drivers/STM32F4xx_HAL_Driver/Src/stm32f4xx_hal_dma_ex.o
LOAD Drivers/STM32F4xx_HAL_Driver/Src/stm32f4xx_hal_dsi.o
LOAD Drivers/STM32F4xx_HAL_Driver/Src/stm32f4xx_hal_exti.o
LOAD Drivers/STM32F4xx_HAL_Driver/Src/stm32f4xx_hal_flash.o
LOAD Drivers/STM32F4xx_HAL_Driver/Src/stm32f4xx_hal_flash_ex.o
LOAD Drivers/STM32F4xx_HAL_Driver/Src/stm32f4xx_hal_flash_ramfunc.o
LOAD Drivers/STM32F4xx_HAL_Driver/Src/stm32f4xx_hal_gpio.o
LOAD Drivers/STM32F4xx_HAL_Driver/Src/stm32f4xx_hal_ltdc.o
LOAD Drivers/STM32F4xx_HAL_Driver/Src/stm32f4xx_hal_ltdc_ex.o
LOAD Drivers/STM32F4xx_HAL_Driver/Src/stm32f4xx_hal_pwr.o
LOAD Drivers/STM32F4xx_HAL_Driver/Src/stm32f4xx_hal_pwr_ex.o
LOAD Drivers/STM32F4xx_HAL_Driver/Src/stm32f4xx_hal_rcc.o
LOAD Drivers/STM32F4xx_HAL_Driver/Src/stm32f4xx_hal_rcc_ex.o
LOAD Drivers/STM32F4xx_HAL_Driver/Src/stm32f4xx_hal_rtc.o
LOAD Drivers/STM32F4xx_HAL_Driver/Src/stm32f4xx_hal_rtc_ex.o
LOAD Drivers/STM32F4xx_HAL_Driver/Src/stm32f4xx_hal_spi.o
LOAD Drivers/STM32F4xx_HAL_Driver/Src/stm32f4xx_hal_tim.o
LOAD Drivers/STM32F4xx_HAL_Driver/Src/stm32f4xx_hal_tim_ex.o
LOAD Drivers/STM32F4xx_HAL_Driver/Src/stm32f4xx_hal_uart.o
START GROUP
LOAD c:/st/stm32cubeide_1.5.1/stm32cubeide/plugins/com.st.stm32cube.ide.mcu.externaltools.gnu-tools-for-stm32.9-2020-q2-update.win32_1.5.0.202011040924/tools/bin/../lib/gcc/arm-none-eabi/9.3.1/../../../../arm-none-eabi/lib/thumb/v7e-m+fp/hard\libc_nano.a
LOAD c:/st/stm32cubeide_1.5.1/stm32cubeide/plugins/com.st.stm32cube.ide.mcu.externaltools.gnu-tools-for-stm32.9-2020-q2-update.win32_1.5.0.202011040924/tools/bin/../lib/gcc/arm-none-eabi/9.3.1/../../../../arm-none-eabi/lib/thumb/v7e-m+fp/hard\libm.a
END GROUP
START GROUP
LOAD c:/st/stm32cubeide_1.5.1/stm32cubeide/plugins/com.st.stm32cube.ide.mcu.externaltools.gnu-tools-for-stm32.9-2020-q2-update.win32_1.5.0.202011040924/tools/bin/../lib/gcc/arm-none-eabi/9.3.1/thumb/v7e-m+fp/hard\libgcc.a
LOAD c:/st/stm32cubeide_1.5.1/stm32cubeide/plugins/com.st.stm32cube.ide.mcu.externaltools.gnu-tools-for-stm32.9-2020-q2-update.win32_1.5.0.202011040924/tools/bin/../lib/gcc/arm-none-eabi/9.3.1/../../../../arm-none-eabi/lib/thumb/v7e-m+fp/hard\libc_nano.a
END GROUP
START GROUP
LOAD c:/st/stm32cubeide_1.5.1/stm32cubeide/plugins/com.st.stm32cube.ide.mcu.externaltools.gnu-tools-for-stm32.9-2020-q2-update.win32_1.5.0.202011040924/tools/bin/../lib/gcc/arm-none-eabi/9.3.1/thumb/v7e-m+fp/hard\libgcc.a
LOAD c:/st/stm32cubeide_1.5.1/stm32cubeide/plugins/com.st.stm32cube.ide.mcu.externaltools.gnu-tools-for-stm32.9-2020-q2-update.win32_1.5.0.202011040924/tools/bin/../lib/gcc/arm-none-eabi/9.3.1/../../../../arm-none-eabi/lib/thumb/v7e-m+fp/hard\libc_nano.a
LOAD c:/st/stm32cubeide_1.5.1/stm32cubeide/plugins/com.st.stm32cube.ide.mcu.externaltools.gnu-tools-for-stm32.9-2020-q2-update.win32_1.5.0.202011040924/tools/bin/../lib/gcc/arm-none-eabi/9.3.1/../../../../arm-none-eabi/lib/thumb/v7e-m+fp/hard\libnosys.a
END GROUP
START GROUP
LOAD c:/st/stm32cubeide_1.5.1/stm32cubeide/plugins/com.st.stm32cube.ide.mcu.externaltools.gnu-tools-for-stm32.9-2020-q2-update.win32_1.5.0.202011040924/tools/bin/../lib/gcc/arm-none-eabi/9.3.1/thumb/v7e-m+fp/hard\libgcc.a
LOAD c:/st/stm32cubeide_1.5.1/stm32cubeide/plugins/com.st.stm32cube.ide.mcu.externaltools.gnu-tools-for-stm32.9-2020-q2-update.win32_1.5.0.202011040924/tools/bin/../lib/gcc/arm-none-eabi/9.3.1/../../../../arm-none-eabi/lib/thumb/v7e-m+fp/hard\libc_nano.a
LOAD c:/st/stm32cubeide_1.5.1/stm32cubeide/plugins/com.st.stm32cube.ide.mcu.externaltools.gnu-tools-for-stm32.9-2020-q2-update.win32_1.5.0.202011040924/tools/bin/../lib/gcc/arm-none-eabi/9.3.1/../../../../arm-none-eabi/lib/thumb/v7e-m+fp/hard\libnosys.a
END GROUP
LOAD c:/st/stm32cubeide_1.5.1/stm32cubeide/plugins/com.st.stm32cube.ide.mcu.externaltools.gnu-tools-for-stm32.9-2020-q2-update.win32_1.5.0.202011040924/tools/bin/../lib/gcc/arm-none-eabi/9.3.1/thumb/v7e-m+fp/hard/crtend.o
LOAD c:/st/stm32cubeide_1.5.1/stm32cubeide/plugins/com.st.stm32cube.ide.mcu.externaltools.gnu-tools-for-stm32.9-2020-q2-update.win32_1.5.0.202011040924/tools/bin/../lib/gcc/arm-none-eabi/9.3.1/thumb/v7e-m+fp/hard/crtn.o
                0x0000000020030000                _estack = (ORIGIN (RAM) + LENGTH (RAM))
                0x0000000000000200                _Min_Heap_Size = 0x200
                0x0000000000000400                _Min_Stack_Size = 0x400

.isr_vector     0x0000000008000000      0x1ac
                0x0000000008000000                . = ALIGN (0x4)
 *(.isr_vector)
 .isr_vector    0x0000000008000000      0x1ac Core/Startup/startup_stm32f429zitx.o
                0x0000000008000000                g_pfnVectors
                0x00000000080001ac                . = ALIGN (0x4)

.text           0x00000000080001ac     0x6aa4
                0x00000000080001ac                . = ALIGN (0x4)
 *(.text)
 .text          0x00000000080001ac       0x40 c:/st/stm32cubeide_1.5.1/stm32cubeide/plugins/com.st.stm32cube.ide.mcu.externaltools.gnu-tools-for-stm32.9-2020-q2-update.win32_1.5.0.202011040924/tools/bin/../lib/gcc/arm-none-eabi/9.3.1/thumb/v7e-m+fp/hard/crtbegin.o
 .text          0x00000000080001ec       0x10 c:/st/stm32cubeide_1.5.1/stm32cubeide/plugins/com.st.stm32cube.ide.mcu.externaltools.gnu-tools-for-stm32.9-2020-q2-update.win32_1.5.0.202011040924/tools/bin/../lib/gcc/arm-none-eabi/9.3.1/../../../../arm-none-eabi/lib/thumb/v7e-m+fp/hard\libc_nano.a(lib_a-strlen.o)
                0x00000000080001ec                strlen
 .text          0x00000000080001fc       0x30 c:/st/stm32cubeide_1.5.1/stm32cubeide/plugins/com.st.stm32cube.ide.mcu.externaltools.gnu-tools-for-stm32.9-2020-q2-update.win32_1.5.0.202011040924/tools/bin/../lib/gcc/arm-none-eabi/9.3.1/thumb/v7e-m+fp/hard\libgcc.a(_aeabi_uldivmod.o)
                0x00000000080001fc                __aeabi_uldivmod
 .text          0x000000000800022c      0x2c4 c:/st/stm32cubeide_1.5.1/stm32cubeide/plugins/com.st.stm32cube.ide.mcu.externaltools.gnu-tools-for-stm32.9-2020-q2-update.win32_1.5.0.202011040924/tools/bin/../lib/gcc/arm-none-eabi/9.3.1/thumb/v7e-m+fp/hard\libgcc.a(_udivmoddi4.o)
                0x000000000800022c                __udivmoddi4
 .text          0x00000000080004f0        0x4 c:/st/stm32cubeide_1.5.1/stm32cubeide/plugins/com.st.stm32cube.ide.mcu.externaltools.gnu-tools-for-stm32.9-2020-q2-update.win32_1.5.0.202011040924/tools/bin/../lib/gcc/arm-none-eabi/9.3.1/thumb/v7e-m+fp/hard\libgcc.a(_dvmd_tls.o)
                0x00000000080004f0                __aeabi_idiv0
                0x00000000080004f0                __aeabi_ldiv0
 *(.text*)
 .text.LCD_A    0x00000000080004f4       0x94 Core/Src/graphic.o
                0x00000000080004f4                LCD_A
 .text.LCD_B    0x0000000008000588       0xc8 Core/Src/graphic.o
                0x0000000008000588                LCD_B
 .text.LCD_C    0x0000000008000650       0x88 Core/Src/graphic.o
                0x0000000008000650                LCD_C
 .text.LCD_D    0x00000000080006d8       0xa4 Core/Src/graphic.o
                0x00000000080006d8                LCD_D
 .text.LCD_E    0x000000000800077c       0xa0 Core/Src/graphic.o
                0x000000000800077c                LCD_E
 .text.LCD_F    0x000000000800081c       0x94 Core/Src/graphic.o
                0x000000000800081c                LCD_F
 .text.LCD_G    0x00000000080008b0       0xa4 Core/Src/graphic.o
                0x00000000080008b0                LCD_G
 .text.LCD_H    0x0000000008000954       0x98 Core/Src/graphic.o
                0x0000000008000954                LCD_H
 .text.LCD_I    0x00000000080009ec       0x8c Core/Src/graphic.o
                0x00000000080009ec                LCD_I
 .text.LCD_J    0x0000000008000a78       0x94 Core/Src/graphic.o
                0x0000000008000a78                LCD_J
 .text.LCD_K    0x0000000008000b0c       0xdc Core/Src/graphic.o
                0x0000000008000b0c                LCD_K
 .text.LCD_L    0x0000000008000be8       0x80 Core/Src/graphic.o
                0x0000000008000be8                LCD_L
 .text.LCD_M    0x0000000008000c68       0xc8 Core/Src/graphic.o
                0x0000000008000c68                LCD_M
 .text.LCD_N    0x0000000008000d30       0xc8 Core/Src/graphic.o
                0x0000000008000d30                LCD_N
 .text.LCD_O    0x0000000008000df8       0x8c Core/Src/graphic.o
                0x0000000008000df8                LCD_O
 .text.LCD_P    0x0000000008000e84       0xac Core/Src/graphic.o
                0x0000000008000e84                LCD_P
 .text.LCD_Q    0x0000000008000f30       0xa4 Core/Src/graphic.o
                0x0000000008000f30                LCD_Q
 .text.LCD_R    0x0000000008000fd4       0xd0 Core/Src/graphic.o
                0x0000000008000fd4                LCD_R
 .text.LCD_S    0x00000000080010a4       0xb0 Core/Src/graphic.o
                0x00000000080010a4                LCD_S
 .text.LCD_T    0x0000000008001154       0x88 Core/Src/graphic.o
                0x0000000008001154                LCD_T
 .text.LCD_U    0x00000000080011dc       0x88 Core/Src/graphic.o
                0x00000000080011dc                LCD_U
 .text.LCD_V    0x0000000008001264      0x100 Core/Src/graphic.o
                0x0000000008001264                LCD_V
 .text.LCD_W    0x0000000008001364      0x138 Core/Src/graphic.o
                0x0000000008001364                LCD_W
 .text.LCD_X    0x000000000800149c       0xbc Core/Src/graphic.o
                0x000000000800149c                LCD_X
 .text.LCD_Y    0x0000000008001558       0xd0 Core/Src/graphic.o
                0x0000000008001558                LCD_Y
 .text.LCD_Z    0x0000000008001628       0xb0 Core/Src/graphic.o
                0x0000000008001628                LCD_Z
 .text.LCD_0    0x00000000080016d8       0x8c Core/Src/graphic.o
                0x00000000080016d8                LCD_0
 .text.LCD_1    0x0000000008001764       0x80 Core/Src/graphic.o
                0x0000000008001764                LCD_1
 .text.LCD_2    0x00000000080017e4       0xa4 Core/Src/graphic.o
                0x00000000080017e4                LCD_2
 .text.LCD_3    0x0000000008001888       0x94 Core/Src/graphic.o
                0x0000000008001888                LCD_3
 .text.LCD_4    0x000000000800191c       0x98 Core/Src/graphic.o
                0x000000000800191c                LCD_4
 .text.LCD_5    0x00000000080019b4       0xa4 Core/Src/graphic.o
                0x00000000080019b4                LCD_5
 .text.LCD_6    0x0000000008001a58       0xa0 Core/Src/graphic.o
                0x0000000008001a58                LCD_6
 .text.LCD_7    0x0000000008001af8       0xb8 Core/Src/graphic.o
                0x0000000008001af8                LCD_7
 .text.LCD_8    0x0000000008001bb0       0x98 Core/Src/graphic.o
                0x0000000008001bb0                LCD_8
 .text.LCD_9    0x0000000008001c48       0xa0 Core/Src/graphic.o
                0x0000000008001c48                LCD_9
 .text.LCD_Period
                0x0000000008001ce8       0x8c Core/Src/graphic.o
                0x0000000008001ce8                LCD_Period
 .text.LCD_Colon
                0x0000000008001d74       0x98 Core/Src/graphic.o
                0x0000000008001d74                LCD_Colon
 .text.LCD_GpioInit
                0x0000000008001e0c       0x9c Core/Src/lcd.o
                0x0000000008001e0c                LCD_GpioInit
 .text.LCD_LtdcInit
                0x0000000008001ea8       0x44 Core/Src/lcd.o
                0x0000000008001ea8                LCD_LtdcInit
 .text.LCD_DispInit_Spi
                0x0000000008001eec      0x208 Core/Src/lcd.o
                0x0000000008001eec                LCD_DispInit_Spi
 .text.LCD_DispInit_Ltdc
                0x00000000080020f4      0x290 Core/Src/lcd.o
                0x00000000080020f4                LCD_DispInit_Ltdc
 .text.LCD_WriteCommand
                0x0000000008002384       0x5c Core/Src/lcd.o
                0x0000000008002384                LCD_WriteCommand
 .text.LCD_WriteData
                0x00000000080023e0       0x5c Core/Src/lcd.o
                0x00000000080023e0                LCD_WriteData
 .text.LCD_WriteGRAM
                0x000000000800243c       0x30 Core/Src/lcd.o
                0x000000000800243c                LCD_WriteGRAM
 .text.LCD_ClearScreenLtdc
                0x000000000800246c       0x24 Core/Src/lcd.o
                0x000000000800246c                LCD_ClearScreenLtdc
 .text.MX_LTDC_Init
                0x0000000008002490      0x100 Core/Src/ltdc.o
                0x0000000008002490                MX_LTDC_Init
 .text.HAL_LTDC_MspInit
                0x0000000008002590      0x214 Core/Src/ltdc.o
                0x0000000008002590                HAL_LTDC_MspInit
 .text.main     0x00000000080027a4       0x8c Core/Src/main.o
                0x00000000080027a4                main
 .text.SystemClock_Config
                0x0000000008002830      0x120 Core/Src/main.o
                0x0000000008002830                SystemClock_Config
 .text.MX_RTC_Init
                0x0000000008002950       0x4c Core/Src/main.o
 .text.MX_TIM6_Init
                0x000000000800299c       0x6c Core/Src/main.o
 .text.MX_USART1_UART_Init
                0x0000000008002a08       0x54 Core/Src/main.o
 .text.MX_GPIO_Init
                0x0000000008002a5c      0x110 Core/Src/main.o
 .text.Error_Handler
                0x0000000008002b6c        0xa Core/Src/main.o
                0x0000000008002b6c                Error_Handler
 *fill*         0x0000000008002b76        0x2 
 .text.EXTI0_IRQHandler
                0x0000000008002b78       0x60 Core/Src/main.o
                0x0000000008002b78                EXTI0_IRQHandler
 .text.EXTI1_IRQHandler
                0x0000000008002bd8       0x12 Core/Src/main.o
                0x0000000008002bd8                EXTI1_IRQHandler
 .text.EXTI2_IRQHandler
                0x0000000008002bea       0x12 Core/Src/main.o
                0x0000000008002bea                EXTI2_IRQHandler
 .text.EXTI3_IRQHandler
                0x0000000008002bfc       0x12 Core/Src/main.o
                0x0000000008002bfc                EXTI3_IRQHandler
 .text.EXTI4_IRQHandler
                0x0000000008002c0e       0x12 Core/Src/main.o
                0x0000000008002c0e                EXTI4_IRQHandler
 .text.letterselect
                0x0000000008002c20      0x3a4 Core/Src/screens.o
                0x0000000008002c20                letterselect
 .text.type     0x0000000008002fc4       0x88 Core/Src/screens.o
                0x0000000008002fc4                type
 .text.InitialScreen
                0x000000000800304c       0x3c Core/Src/screens.o
                0x000000000800304c                InitialScreen
 .text.MenuScreen
                0x0000000008003088       0x2c Core/Src/screens.o
                0x0000000008003088                MenuScreen
 .text.BluetoothScreen
                0x00000000080030b4       0x48 Core/Src/screens.o
                0x00000000080030b4                BluetoothScreen
 .text.ScheduleReceived
                0x00000000080030fc       0x3c Core/Src/screens.o
                0x00000000080030fc                ScheduleReceived
 .text.ScheduleScreen
                0x0000000008003138       0x80 Core/Src/screens.o
                0x0000000008003138                ScheduleScreen
 .text.DispensedScreen
                0x00000000080031b8       0x64 Core/Src/screens.o
                0x00000000080031b8                DispensedScreen
 .text.MX_SPI5_Init
                0x000000000800321c       0x70 Core/Src/spi.o
                0x000000000800321c                MX_SPI5_Init
 .text.HAL_SPI_MspInit
                0x000000000800328c       0x90 Core/Src/spi.o
                0x000000000800328c                HAL_SPI_MspInit
 .text.HAL_MspInit
                0x000000000800331c       0x50 Core/Src/stm32f4xx_hal_msp.o
                0x000000000800331c                HAL_MspInit
 .text.HAL_RTC_MspInit
                0x000000000800336c       0x38 Core/Src/stm32f4xx_hal_msp.o
                0x000000000800336c                HAL_RTC_MspInit
 .text.HAL_TIM_Base_MspInit
                0x00000000080033a4       0x50 Core/Src/stm32f4xx_hal_msp.o
                0x00000000080033a4                HAL_TIM_Base_MspInit
 .text.HAL_UART_MspInit
                0x00000000080033f4       0xa0 Core/Src/stm32f4xx_hal_msp.o
                0x00000000080033f4                HAL_UART_MspInit
 .text.NMI_Handler
                0x0000000008003494        0x6 Core/Src/stm32f4xx_it.o
                0x0000000008003494                NMI_Handler
 .text.HardFault_Handler
                0x000000000800349a        0x6 Core/Src/stm32f4xx_it.o
                0x000000000800349a                HardFault_Handler
 .text.MemManage_Handler
                0x00000000080034a0        0x6 Core/Src/stm32f4xx_it.o
                0x00000000080034a0                MemManage_Handler
 .text.BusFault_Handler
                0x00000000080034a6        0x6 Core/Src/stm32f4xx_it.o
                0x00000000080034a6                BusFault_Handler
 .text.UsageFault_Handler
                0x00000000080034ac        0x6 Core/Src/stm32f4xx_it.o
                0x00000000080034ac                UsageFault_Handler
 .text.SVC_Handler
                0x00000000080034b2        0xe Core/Src/stm32f4xx_it.o
                0x00000000080034b2                SVC_Handler
 .text.DebugMon_Handler
                0x00000000080034c0        0xe Core/Src/stm32f4xx_it.o
                0x00000000080034c0                DebugMon_Handler
 .text.PendSV_Handler
                0x00000000080034ce        0xe Core/Src/stm32f4xx_it.o
                0x00000000080034ce                PendSV_Handler
 .text.SysTick_Handler
                0x00000000080034dc        0xc Core/Src/stm32f4xx_it.o
                0x00000000080034dc                SysTick_Handler
 .text.USART1_IRQHandler
                0x00000000080034e8       0x3c Core/Src/stm32f4xx_it.o
                0x00000000080034e8                USART1_IRQHandler
 .text.RTC_Alarm_IRQHandler
                0x0000000008003524       0x14 Core/Src/stm32f4xx_it.o
                0x0000000008003524                RTC_Alarm_IRQHandler
 .text.TIM6_DAC_IRQHandler
                0x0000000008003538       0x30 Core/Src/stm32f4xx_it.o
                0x0000000008003538                TIM6_DAC_IRQHandler
 .text.SystemInit
                0x0000000008003568       0x24 Core/Src/system_stm32f4xx.o
                0x0000000008003568                SystemInit
 .text.Reset_Handler
                0x000000000800358c       0x50 Core/Startup/startup_stm32f429zitx.o
                0x000000000800358c                Reset_Handler
 .text.Default_Handler
                0x00000000080035dc        0x2 Core/Startup/startup_stm32f429zitx.o
                0x00000000080035dc                HASH_RNG_IRQHandler
                0x00000000080035dc                TIM8_CC_IRQHandler
                0x00000000080035dc                UART8_IRQHandler
                0x00000000080035dc                SPI4_IRQHandler
                0x00000000080035dc                TIM1_CC_IRQHandler
                0x00000000080035dc                DMA2_Stream5_IRQHandler
                0x00000000080035dc                DMA1_Stream5_IRQHandler
                0x00000000080035dc                PVD_IRQHandler
                0x00000000080035dc                SDIO_IRQHandler
                0x00000000080035dc                TAMP_STAMP_IRQHandler
                0x00000000080035dc                CAN2_RX1_IRQHandler
                0x00000000080035dc                TIM8_TRG_COM_TIM14_IRQHandler
                0x00000000080035dc                TIM1_UP_TIM10_IRQHandler
                0x00000000080035dc                TIM8_UP_TIM13_IRQHandler
                0x00000000080035dc                I2C3_ER_IRQHandler
                0x00000000080035dc                I2C2_EV_IRQHandler
                0x00000000080035dc                DMA1_Stream2_IRQHandler
                0x00000000080035dc                CAN1_RX0_IRQHandler
                0x00000000080035dc                FPU_IRQHandler
                0x00000000080035dc                OTG_HS_WKUP_IRQHandler
                0x00000000080035dc                LTDC_ER_IRQHandler
                0x00000000080035dc                CAN2_SCE_IRQHandler
                0x00000000080035dc                DMA2_Stream2_IRQHandler
                0x00000000080035dc                SPI1_IRQHandler
                0x00000000080035dc                TIM1_BRK_TIM9_IRQHandler
                0x00000000080035dc                DCMI_IRQHandler
                0x00000000080035dc                CAN2_RX0_IRQHandler
                0x00000000080035dc                DMA2_Stream3_IRQHandler
                0x00000000080035dc                USART6_IRQHandler
                0x00000000080035dc                USART3_IRQHandler
                0x00000000080035dc                CAN1_RX1_IRQHandler
                0x00000000080035dc                UART5_IRQHandler
                0x00000000080035dc                DMA2_Stream0_IRQHandler
                0x00000000080035dc                TIM4_IRQHandler
                0x00000000080035dc                I2C1_EV_IRQHandler
                0x00000000080035dc                DMA1_Stream6_IRQHandler
                0x00000000080035dc                DMA1_Stream1_IRQHandler
                0x00000000080035dc                UART4_IRQHandler
                0x00000000080035dc                TIM3_IRQHandler
                0x00000000080035dc                RCC_IRQHandler
                0x00000000080035dc                TIM8_BRK_TIM12_IRQHandler
                0x00000000080035dc                Default_Handler
                0x00000000080035dc                EXTI15_10_IRQHandler
                0x00000000080035dc                ADC_IRQHandler
                0x00000000080035dc                DMA1_Stream7_IRQHandler
                0x00000000080035dc                SPI5_IRQHandler
                0x00000000080035dc                TIM7_IRQHandler
                0x00000000080035dc                CAN2_TX_IRQHandler
                0x00000000080035dc                TIM5_IRQHandler
                0x00000000080035dc                DMA2_Stream7_IRQHandler
                0x00000000080035dc                I2C3_EV_IRQHandler
                0x00000000080035dc                EXTI9_5_IRQHandler
                0x00000000080035dc                RTC_WKUP_IRQHandler
                0x00000000080035dc                LTDC_IRQHandler
                0x00000000080035dc                ETH_WKUP_IRQHandler
                0x00000000080035dc                SPI2_IRQHandler
                0x00000000080035dc                OTG_HS_EP1_IN_IRQHandler
                0x00000000080035dc                DMA1_Stream0_IRQHandler
                0x00000000080035dc                CAN1_TX_IRQHandler
                0x00000000080035dc                ETH_IRQHandler
                0x00000000080035dc                OTG_HS_EP1_OUT_IRQHandler
                0x00000000080035dc                WWDG_IRQHandler
                0x00000000080035dc                SPI6_IRQHandler
                0x00000000080035dc                TIM2_IRQHandler
                0x00000000080035dc                OTG_FS_WKUP_IRQHandler
                0x00000000080035dc                TIM1_TRG_COM_TIM11_IRQHandler
                0x00000000080035dc                OTG_HS_IRQHandler
                0x00000000080035dc                DMA2D_IRQHandler
                0x00000000080035dc                UART7_IRQHandler
                0x00000000080035dc                USART2_IRQHandler
                0x00000000080035dc                I2C2_ER_IRQHandler
                0x00000000080035dc                DMA2_Stream1_IRQHandler
                0x00000000080035dc                CAN1_SCE_IRQHandler
                0x00000000080035dc                FLASH_IRQHandler
                0x00000000080035dc                DMA2_Stream4_IRQHandler
                0x00000000080035dc                OTG_FS_IRQHandler
                0x00000000080035dc                SPI3_IRQHandler
                0x00000000080035dc                DMA1_Stream4_IRQHandler
                0x00000000080035dc                I2C1_ER_IRQHandler
                0x00000000080035dc                FMC_IRQHandler
                0x00000000080035dc                DMA2_Stream6_IRQHandler
                0x00000000080035dc                SAI1_IRQHandler
                0x00000000080035dc                DMA1_Stream3_IRQHandler
 *fill*         0x00000000080035de        0x2 
 .text.HAL_Init
                0x00000000080035e0       0x44 Drivers/STM32F4xx_HAL_Driver/Src/stm32f4xx_hal.o
                0x00000000080035e0                HAL_Init
 .text.HAL_InitTick
                0x0000000008003624       0x60 Drivers/STM32F4xx_HAL_Driver/Src/stm32f4xx_hal.o
                0x0000000008003624                HAL_InitTick
 .text.HAL_IncTick
                0x0000000008003684       0x28 Drivers/STM32F4xx_HAL_Driver/Src/stm32f4xx_hal.o
                0x0000000008003684                HAL_IncTick
 .text.HAL_GetTick
                0x00000000080036ac       0x18 Drivers/STM32F4xx_HAL_Driver/Src/stm32f4xx_hal.o
                0x00000000080036ac                HAL_GetTick
 .text.HAL_Delay
                0x00000000080036c4       0x48 Drivers/STM32F4xx_HAL_Driver/Src/stm32f4xx_hal.o
                0x00000000080036c4                HAL_Delay
 .text.__NVIC_SetPriorityGrouping
                0x000000000800370c       0x48 Drivers/STM32F4xx_HAL_Driver/Src/stm32f4xx_hal_cortex.o
 .text.__NVIC_GetPriorityGrouping
                0x0000000008003754       0x1c Drivers/STM32F4xx_HAL_Driver/Src/stm32f4xx_hal_cortex.o
 .text.__NVIC_EnableIRQ
                0x0000000008003770       0x3c Drivers/STM32F4xx_HAL_Driver/Src/stm32f4xx_hal_cortex.o
 .text.__NVIC_SetPriority
                0x00000000080037ac       0x54 Drivers/STM32F4xx_HAL_Driver/Src/stm32f4xx_hal_cortex.o
 .text.NVIC_EncodePriority
                0x0000000008003800       0x66 Drivers/STM32F4xx_HAL_Driver/Src/stm32f4xx_hal_cortex.o
 *fill*         0x0000000008003866        0x2 
 .text.SysTick_Config
                0x0000000008003868       0x44 Drivers/STM32F4xx_HAL_Driver/Src/stm32f4xx_hal_cortex.o
 .text.HAL_NVIC_SetPriorityGrouping
                0x00000000080038ac       0x16 Drivers/STM32F4xx_HAL_Driver/Src/stm32f4xx_hal_cortex.o
                0x00000000080038ac                HAL_NVIC_SetPriorityGrouping
 .text.HAL_NVIC_SetPriority
                0x00000000080038c2       0x38 Drivers/STM32F4xx_HAL_Driver/Src/stm32f4xx_hal_cortex.o
                0x00000000080038c2                HAL_NVIC_SetPriority
 .text.HAL_NVIC_EnableIRQ
                0x00000000080038fa       0x1c Drivers/STM32F4xx_HAL_Driver/Src/stm32f4xx_hal_cortex.o
                0x00000000080038fa                HAL_NVIC_EnableIRQ
 .text.HAL_SYSTICK_Config
                0x0000000008003916       0x18 Drivers/STM32F4xx_HAL_Driver/Src/stm32f4xx_hal_cortex.o
                0x0000000008003916                HAL_SYSTICK_Config
 .text.HAL_DMA_Abort_IT
                0x000000000800392e       0x44 Drivers/STM32F4xx_HAL_Driver/Src/stm32f4xx_hal_dma.o
                0x000000000800392e                HAL_DMA_Abort_IT
 *fill*         0x0000000008003972        0x2 
 .text.HAL_GPIO_Init
                0x0000000008003974      0x358 Drivers/STM32F4xx_HAL_Driver/Src/stm32f4xx_hal_gpio.o
                0x0000000008003974                HAL_GPIO_Init
 .text.HAL_GPIO_WritePin
                0x0000000008003ccc       0x32 Drivers/STM32F4xx_HAL_Driver/Src/stm32f4xx_hal_gpio.o
                0x0000000008003ccc                HAL_GPIO_WritePin
 *fill*         0x0000000008003cfe        0x2 
 .text.HAL_GPIO_EXTI_IRQHandler
                0x0000000008003d00       0x30 Drivers/STM32F4xx_HAL_Driver/Src/stm32f4xx_hal_gpio.o
                0x0000000008003d00                HAL_GPIO_EXTI_IRQHandler
 .text.HAL_GPIO_EXTI_Callback
                0x0000000008003d30       0x16 Drivers/STM32F4xx_HAL_Driver/Src/stm32f4xx_hal_gpio.o
                0x0000000008003d30                HAL_GPIO_EXTI_Callback
 *fill*         0x0000000008003d46        0x2 
 .text.HAL_LTDC_Init
                0x0000000008003d48      0x1a8 Drivers/STM32F4xx_HAL_Driver/Src/stm32f4xx_hal_ltdc.o
                0x0000000008003d48                HAL_LTDC_Init
 .text.HAL_LTDC_ConfigLayer
                0x0000000008003ef0       0x7c Drivers/STM32F4xx_HAL_Driver/Src/stm32f4xx_hal_ltdc.o
                0x0000000008003ef0                HAL_LTDC_ConfigLayer
 .text.HAL_LTDC_ConfigCLUT
                0x0000000008003f6c       0xe8 Drivers/STM32F4xx_HAL_Driver/Src/stm32f4xx_hal_ltdc.o
                0x0000000008003f6c                HAL_LTDC_ConfigCLUT
 .text.HAL_LTDC_EnableCLUT
                0x0000000008004054       0x72 Drivers/STM32F4xx_HAL_Driver/Src/stm32f4xx_hal_ltdc.o
                0x0000000008004054                HAL_LTDC_EnableCLUT
 .text.HAL_LTDC_SetAddress
                0x00000000080040c6       0x6c Drivers/STM32F4xx_HAL_Driver/Src/stm32f4xx_hal_ltdc.o
                0x00000000080040c6                HAL_LTDC_SetAddress
 .text.HAL_LTDC_Reload
                0x0000000008004132       0x5e Drivers/STM32F4xx_HAL_Driver/Src/stm32f4xx_hal_ltdc.o
                0x0000000008004132                HAL_LTDC_Reload
 .text.LTDC_SetConfig
                0x0000000008004190      0x33a Drivers/STM32F4xx_HAL_Driver/Src/stm32f4xx_hal_ltdc.o
 *fill*         0x00000000080044ca        0x2 
 .text.HAL_PWREx_EnableOverDrive
                0x00000000080044cc       0xa0 Drivers/STM32F4xx_HAL_Driver/Src/stm32f4xx_hal_pwr_ex.o
                0x00000000080044cc                HAL_PWREx_EnableOverDrive
 .text.HAL_RCC_OscConfig
                0x000000000800456c      0x4e0 Drivers/STM32F4xx_HAL_Driver/Src/stm32f4xx_hal_rcc.o
                0x000000000800456c                HAL_RCC_OscConfig
 .text.HAL_RCC_ClockConfig
                0x0000000008004a4c      0x1cc Drivers/STM32F4xx_HAL_Driver/Src/stm32f4xx_hal_rcc.o
                0x0000000008004a4c                HAL_RCC_ClockConfig
 .text.HAL_RCC_GetSysClockFreq
                0x0000000008004c18      0x16c Drivers/STM32F4xx_HAL_Driver/Src/stm32f4xx_hal_rcc.o
                0x0000000008004c18                HAL_RCC_GetSysClockFreq
 .text.HAL_RCC_GetHCLKFreq
                0x0000000008004d84       0x18 Drivers/STM32F4xx_HAL_Driver/Src/stm32f4xx_hal_rcc.o
                0x0000000008004d84                HAL_RCC_GetHCLKFreq
 .text.HAL_RCC_GetPCLK1Freq
                0x0000000008004d9c       0x28 Drivers/STM32F4xx_HAL_Driver/Src/stm32f4xx_hal_rcc.o
                0x0000000008004d9c                HAL_RCC_GetPCLK1Freq
 .text.HAL_RCC_GetPCLK2Freq
                0x0000000008004dc4       0x28 Drivers/STM32F4xx_HAL_Driver/Src/stm32f4xx_hal_rcc.o
                0x0000000008004dc4                HAL_RCC_GetPCLK2Freq
 .text.HAL_RCCEx_PeriphCLKConfig
                0x0000000008004dec      0x37c Drivers/STM32F4xx_HAL_Driver/Src/stm32f4xx_hal_rcc_ex.o
                0x0000000008004dec                HAL_RCCEx_PeriphCLKConfig
 .text.HAL_RTC_Init
                0x0000000008005168      0x122 Drivers/STM32F4xx_HAL_Driver/Src/stm32f4xx_hal_rtc.o
                0x0000000008005168                HAL_RTC_Init
 *fill*         0x000000000800528a        0x2 
 .text.HAL_RTC_AlarmIRQHandler
                0x000000000800528c       0x8c Drivers/STM32F4xx_HAL_Driver/Src/stm32f4xx_hal_rtc.o
                0x000000000800528c                HAL_RTC_AlarmIRQHandler
 .text.HAL_RTC_AlarmAEventCallback
                0x0000000008005318       0x14 Drivers/STM32F4xx_HAL_Driver/Src/stm32f4xx_hal_rtc.o
                0x0000000008005318                HAL_RTC_AlarmAEventCallback
 .text.HAL_RTC_WaitForSynchro
                0x000000000800532c       0x50 Drivers/STM32F4xx_HAL_Driver/Src/stm32f4xx_hal_rtc.o
                0x000000000800532c                HAL_RTC_WaitForSynchro
 .text.RTC_EnterInitMode
                0x000000000800537c       0x58 Drivers/STM32F4xx_HAL_Driver/Src/stm32f4xx_hal_rtc.o
                0x000000000800537c                RTC_EnterInitMode
 .text.HAL_RTCEx_AlarmBEventCallback
                0x00000000080053d4       0x14 Drivers/STM32F4xx_HAL_Driver/Src/stm32f4xx_hal_rtc_ex.o
                0x00000000080053d4                HAL_RTCEx_AlarmBEventCallback
 .text.HAL_SPI_Init
                0x00000000080053e8       0xc8 Drivers/STM32F4xx_HAL_Driver/Src/stm32f4xx_hal_spi.o
                0x00000000080053e8                HAL_SPI_Init
 .text.HAL_SPI_Transmit
                0x00000000080054b0      0x27a Drivers/STM32F4xx_HAL_Driver/Src/stm32f4xx_hal_spi.o
                0x00000000080054b0                HAL_SPI_Transmit
 .text.SPI_WaitFlagStateUntilTimeout
                0x000000000800572a       0xd2 Drivers/STM32F4xx_HAL_Driver/Src/stm32f4xx_hal_spi.o
 .text.SPI_CheckFlag_BSY
                0x00000000080057fc       0x3c Drivers/STM32F4xx_HAL_Driver/Src/stm32f4xx_hal_spi.o
 .text.HAL_TIM_Base_Init
                0x0000000008005838       0x56 Drivers/STM32F4xx_HAL_Driver/Src/stm32f4xx_hal_tim.o
                0x0000000008005838                HAL_TIM_Base_Init
 .text.HAL_TIM_Base_Start_IT
                0x000000000800588e       0x48 Drivers/STM32F4xx_HAL_Driver/Src/stm32f4xx_hal_tim.o
                0x000000000800588e                HAL_TIM_Base_Start_IT
 .text.HAL_TIM_IRQHandler
                0x00000000080058d6      0x210 Drivers/STM32F4xx_HAL_Driver/Src/stm32f4xx_hal_tim.o
                0x00000000080058d6                HAL_TIM_IRQHandler
 .text.HAL_TIM_PeriodElapsedCallback
                0x0000000008005ae6       0x14 Drivers/STM32F4xx_HAL_Driver/Src/stm32f4xx_hal_tim.o
                0x0000000008005ae6                HAL_TIM_PeriodElapsedCallback
 .text.HAL_TIM_OC_DelayElapsedCallback
                0x0000000008005afa       0x14 Drivers/STM32F4xx_HAL_Driver/Src/stm32f4xx_hal_tim.o
                0x0000000008005afa                HAL_TIM_OC_DelayElapsedCallback
 .text.HAL_TIM_IC_CaptureCallback
                0x0000000008005b0e       0x14 Drivers/STM32F4xx_HAL_Driver/Src/stm32f4xx_hal_tim.o
                0x0000000008005b0e                HAL_TIM_IC_CaptureCallback
 .text.HAL_TIM_PWM_PulseFinishedCallback
                0x0000000008005b22       0x14 Drivers/STM32F4xx_HAL_Driver/Src/stm32f4xx_hal_tim.o
                0x0000000008005b22                HAL_TIM_PWM_PulseFinishedCallback
 .text.HAL_TIM_TriggerCallback
                0x0000000008005b36       0x14 Drivers/STM32F4xx_HAL_Driver/Src/stm32f4xx_hal_tim.o
                0x0000000008005b36                HAL_TIM_TriggerCallback
 *fill*         0x0000000008005b4a        0x2 
 .text.TIM_Base_SetConfig
                0x0000000008005b4c      0x140 Drivers/STM32F4xx_HAL_Driver/Src/stm32f4xx_hal_tim.o
                0x0000000008005b4c                TIM_Base_SetConfig
 .text.HAL_TIMEx_MasterConfigSynchronization
                0x0000000008005c8c       0xf8 Drivers/STM32F4xx_HAL_Driver/Src/stm32f4xx_hal_tim_ex.o
                0x0000000008005c8c                HAL_TIMEx_MasterConfigSynchronization
 .text.HAL_TIMEx_CommutCallback
                0x0000000008005d84       0x14 Drivers/STM32F4xx_HAL_Driver/Src/stm32f4xx_hal_tim_ex.o
                0x0000000008005d84                HAL_TIMEx_CommutCallback
 .text.HAL_TIMEx_BreakCallback
                0x0000000008005d98       0x14 Drivers/STM32F4xx_HAL_Driver/Src/stm32f4xx_hal_tim_ex.o
                0x0000000008005d98                HAL_TIMEx_BreakCallback
 .text.HAL_UART_Init
                0x0000000008005dac       0x9a Drivers/STM32F4xx_HAL_Driver/Src/stm32f4xx_hal_uart.o
                0x0000000008005dac                HAL_UART_Init
 .text.HAL_UART_Receive
                0x0000000008005e46      0x14c Drivers/STM32F4xx_HAL_Driver/Src/stm32f4xx_hal_uart.o
                0x0000000008005e46                HAL_UART_Receive
 *fill*         0x0000000008005f92        0x2 
 .text.HAL_UART_IRQHandler
                0x0000000008005f94      0x200 Drivers/STM32F4xx_HAL_Driver/Src/stm32f4xx_hal_uart.o
                0x0000000008005f94                HAL_UART_IRQHandler
 .text.HAL_UART_TxCpltCallback
                0x0000000008006194       0x14 Drivers/STM32F4xx_HAL_Driver/Src/stm32f4xx_hal_uart.o
                0x0000000008006194                HAL_UART_TxCpltCallback
 .text.HAL_UART_RxCpltCallback
                0x00000000080061a8       0x14 Drivers/STM32F4xx_HAL_Driver/Src/stm32f4xx_hal_uart.o
                0x00000000080061a8                HAL_UART_RxCpltCallback
 .text.HAL_UART_ErrorCallback
                0x00000000080061bc       0x14 Drivers/STM32F4xx_HAL_Driver/Src/stm32f4xx_hal_uart.o
                0x00000000080061bc                HAL_UART_ErrorCallback
 .text.UART_WaitOnFlagUntilTimeout
                0x00000000080061d0       0x94 Drivers/STM32F4xx_HAL_Driver/Src/stm32f4xx_hal_uart.o
 .text.UART_EndRxTransfer
                0x0000000008006264       0x3c Drivers/STM32F4xx_HAL_Driver/Src/stm32f4xx_hal_uart.o
 .text.UART_DMAAbortOnError
                0x00000000080062a0       0x28 Drivers/STM32F4xx_HAL_Driver/Src/stm32f4xx_hal_uart.o
 .text.UART_Transmit_IT
                0x00000000080062c8       0xac Drivers/STM32F4xx_HAL_Driver/Src/stm32f4xx_hal_uart.o
 .text.UART_EndTransmit_IT
                0x0000000008006374       0x30 Drivers/STM32F4xx_HAL_Driver/Src/stm32f4xx_hal_uart.o
 .text.UART_Receive_IT
                0x00000000080063a4      0x102 Drivers/STM32F4xx_HAL_Driver/Src/stm32f4xx_hal_uart.o
 *fill*         0x00000000080064a6        0x2 
 .text.UART_SetConfig
                0x00000000080064a8      0x738 Drivers/STM32F4xx_HAL_Driver/Src/stm32f4xx_hal_uart.o
 .text.__libc_init_array
                0x0000000008006be0       0x48 c:/st/stm32cubeide_1.5.1/stm32cubeide/plugins/com.st.stm32cube.ide.mcu.externaltools.gnu-tools-for-stm32.9-2020-q2-update.win32_1.5.0.202011040924/tools/bin/../lib/gcc/arm-none-eabi/9.3.1/../../../../arm-none-eabi/lib/thumb/v7e-m+fp/hard\libc_nano.a(lib_a-init.o)
                0x0000000008006be0                __libc_init_array
 .text.memset   0x0000000008006c28       0x10 c:/st/stm32cubeide_1.5.1/stm32cubeide/plugins/com.st.stm32cube.ide.mcu.externaltools.gnu-tools-for-stm32.9-2020-q2-update.win32_1.5.0.202011040924/tools/bin/../lib/gcc/arm-none-eabi/9.3.1/../../../../arm-none-eabi/lib/thumb/v7e-m+fp/hard\libc_nano.a(lib_a-memset.o)
                0x0000000008006c28                memset
 *(.glue_7)
 .glue_7        0x0000000008006c38        0x0 linker stubs
 *(.glue_7t)
 .glue_7t       0x0000000008006c38        0x0 linker stubs
 *(.eh_frame)
 .eh_frame      0x0000000008006c38        0x0 c:/st/stm32cubeide_1.5.1/stm32cubeide/plugins/com.st.stm32cube.ide.mcu.externaltools.gnu-tools-for-stm32.9-2020-q2-update.win32_1.5.0.202011040924/tools/bin/../lib/gcc/arm-none-eabi/9.3.1/thumb/v7e-m+fp/hard/crtbegin.o
 *(.init)
 .init          0x0000000008006c38        0x4 c:/st/stm32cubeide_1.5.1/stm32cubeide/plugins/com.st.stm32cube.ide.mcu.externaltools.gnu-tools-for-stm32.9-2020-q2-update.win32_1.5.0.202011040924/tools/bin/../lib/gcc/arm-none-eabi/9.3.1/thumb/v7e-m+fp/hard/crti.o
                0x0000000008006c38                _init
 .init          0x0000000008006c3c        0x8 c:/st/stm32cubeide_1.5.1/stm32cubeide/plugins/com.st.stm32cube.ide.mcu.externaltools.gnu-tools-for-stm32.9-2020-q2-update.win32_1.5.0.202011040924/tools/bin/../lib/gcc/arm-none-eabi/9.3.1/thumb/v7e-m+fp/hard/crtn.o
 *(.fini)
 .fini          0x0000000008006c44        0x4 c:/st/stm32cubeide_1.5.1/stm32cubeide/plugins/com.st.stm32cube.ide.mcu.externaltools.gnu-tools-for-stm32.9-2020-q2-update.win32_1.5.0.202011040924/tools/bin/../lib/gcc/arm-none-eabi/9.3.1/thumb/v7e-m+fp/hard/crti.o
                0x0000000008006c44                _fini
 .fini          0x0000000008006c48        0x8 c:/st/stm32cubeide_1.5.1/stm32cubeide/plugins/com.st.stm32cube.ide.mcu.externaltools.gnu-tools-for-stm32.9-2020-q2-update.win32_1.5.0.202011040924/tools/bin/../lib/gcc/arm-none-eabi/9.3.1/thumb/v7e-m+fp/hard/crtn.o
                0x0000000008006c50                . = ALIGN (0x4)
                0x0000000008006c50                _etext = .

.vfp11_veneer   0x0000000008006c50        0x0
 .vfp11_veneer  0x0000000008006c50        0x0 linker stubs

.v4_bx          0x0000000008006c50        0x0
 .v4_bx         0x0000000008006c50        0x0 linker stubs

.iplt           0x0000000008006c50        0x0
 .iplt          0x0000000008006c50        0x0 c:/st/stm32cubeide_1.5.1/stm32cubeide/plugins/com.st.stm32cube.ide.mcu.externaltools.gnu-tools-for-stm32.9-2020-q2-update.win32_1.5.0.202011040924/tools/bin/../lib/gcc/arm-none-eabi/9.3.1/thumb/v7e-m+fp/hard/crtbegin.o

.rodata         0x0000000008006c50      0x4bc
                0x0000000008006c50                . = ALIGN (0x4)
 *(.rodata)
 .rodata        0x0000000008006c50       0xa3 Core/Src/screens.o
 *(.rodata*)
 *fill*         0x0000000008006cf3        0x1 
 .rodata.CLUT   0x0000000008006cf4      0x400 Core/Src/lcd.o
                0x0000000008006cf4                CLUT
 .rodata.AHBPrescTable
                0x00000000080070f4       0x10 Core/Src/system_stm32f4xx.o
                0x00000000080070f4                AHBPrescTable
 .rodata.APBPrescTable
                0x0000000008007104        0x8 Core/Src/system_stm32f4xx.o
                0x0000000008007104                APBPrescTable
                0x000000000800710c                . = ALIGN (0x4)

.ARM.extab      0x000000000800710c        0x0
                0x000000000800710c                . = ALIGN (0x4)
 *(.ARM.extab* .gnu.linkonce.armextab.*)
                0x000000000800710c                . = ALIGN (0x4)

.ARM            0x000000000800710c        0x8
                0x000000000800710c                . = ALIGN (0x4)
                0x000000000800710c                __exidx_start = .
 *(.ARM.exidx*)
 .ARM.exidx     0x000000000800710c        0x8 c:/st/stm32cubeide_1.5.1/stm32cubeide/plugins/com.st.stm32cube.ide.mcu.externaltools.gnu-tools-for-stm32.9-2020-q2-update.win32_1.5.0.202011040924/tools/bin/../lib/gcc/arm-none-eabi/9.3.1/thumb/v7e-m+fp/hard\libgcc.a(_udivmoddi4.o)
                0x0000000008007114                __exidx_end = .
                0x0000000008007114                . = ALIGN (0x4)

.rel.dyn        0x0000000008007114        0x0
 .rel.iplt      0x0000000008007114        0x0 c:/st/stm32cubeide_1.5.1/stm32cubeide/plugins/com.st.stm32cube.ide.mcu.externaltools.gnu-tools-for-stm32.9-2020-q2-update.win32_1.5.0.202011040924/tools/bin/../lib/gcc/arm-none-eabi/9.3.1/thumb/v7e-m+fp/hard/crtbegin.o

.preinit_array  0x0000000008007114        0x0
                0x0000000008007114                . = ALIGN (0x4)
                0x0000000008007114                PROVIDE (__preinit_array_start = .)
 *(.preinit_array*)
                0x0000000008007114                PROVIDE (__preinit_array_end = .)
                0x0000000008007114                . = ALIGN (0x4)

.init_array     0x0000000008007114        0x4
                0x0000000008007114                . = ALIGN (0x4)
                0x0000000008007114                PROVIDE (__init_array_start = .)
 *(SORT_BY_NAME(.init_array.*))
 *(.init_array*)
 .init_array    0x0000000008007114        0x4 c:/st/stm32cubeide_1.5.1/stm32cubeide/plugins/com.st.stm32cube.ide.mcu.externaltools.gnu-tools-for-stm32.9-2020-q2-update.win32_1.5.0.202011040924/tools/bin/../lib/gcc/arm-none-eabi/9.3.1/thumb/v7e-m+fp/hard/crtbegin.o
                0x0000000008007118                PROVIDE (__init_array_end = .)
                0x0000000008007118                . = ALIGN (0x4)

.fini_array     0x0000000008007118        0x4
                0x0000000008007118                . = ALIGN (0x4)
                [!provide]                        PROVIDE (__fini_array_start = .)
 *(SORT_BY_NAME(.fini_array.*))
 *(.fini_array*)
 .fini_array    0x0000000008007118        0x4 c:/st/stm32cubeide_1.5.1/stm32cubeide/plugins/com.st.stm32cube.ide.mcu.externaltools.gnu-tools-for-stm32.9-2020-q2-update.win32_1.5.0.202011040924/tools/bin/../lib/gcc/arm-none-eabi/9.3.1/thumb/v7e-m+fp/hard/crtbegin.o
                [!provide]                        PROVIDE (__fini_array_end = .)
                0x000000000800711c                . = ALIGN (0x4)
                0x000000000800711c                _sidata = LOADADDR (.data)

.data           0x0000000020000000    0x12c10 load address 0x000000000800711c
                0x0000000020000000                . = ALIGN (0x4)
                0x0000000020000000                _sdata = .
 *(.data)
 *(.data*)
 .data.COLOR_LTDC
                0x0000000020000000        0x1 Core/Src/graphic.o
                0x0000000020000000                COLOR_LTDC
 *fill*         0x0000000020000001        0x3 
 .data.GRAM     0x0000000020000004    0x12c00 Core/Src/lcd.o
                0x0000000020000004                GRAM
 .data.SystemCoreClock
                0x0000000020012c04        0x4 Core/Src/system_stm32f4xx.o
                0x0000000020012c04                SystemCoreClock
 .data.uwTickPrio
                0x0000000020012c08        0x4 Drivers/STM32F4xx_HAL_Driver/Src/stm32f4xx_hal.o
                0x0000000020012c08                uwTickPrio
 .data.uwTickFreq
                0x0000000020012c0c        0x1 Drivers/STM32F4xx_HAL_Driver/Src/stm32f4xx_hal.o
                0x0000000020012c0c                uwTickFreq
 *(.RamFunc)
 *(.RamFunc*)
                0x0000000020012c10                . = ALIGN (0x4)
 *fill*         0x0000000020012c0d        0x3 
                0x0000000020012c10                _edata = .

.igot.plt       0x0000000020012c10        0x0 load address 0x0000000008019d2c
 .igot.plt      0x0000000020012c10        0x0 c:/st/stm32cubeide_1.5.1/stm32cubeide/plugins/com.st.stm32cube.ide.mcu.externaltools.gnu-tools-for-stm32.9-2020-q2-update.win32_1.5.0.202011040924/tools/bin/../lib/gcc/arm-none-eabi/9.3.1/thumb/v7e-m+fp/hard/crtbegin.o
                0x0000000020012c10                . = ALIGN (0x4)

.bss            0x0000000020012c10      0xbdc load address 0x0000000008019d2c
                0x0000000020012c10                _sbss = .
                0x0000000020012c10                __bss_start__ = _sbss
 *(.bss)
 .bss           0x0000000020012c10       0x1c c:/st/stm32cubeide_1.5.1/stm32cubeide/plugins/com.st.stm32cube.ide.mcu.externaltools.gnu-tools-for-stm32.9-2020-q2-update.win32_1.5.0.202011040924/tools/bin/../lib/gcc/arm-none-eabi/9.3.1/thumb/v7e-m+fp/hard/crtbegin.o
 *(.bss*)
 .bss.view_index
                0x0000000020012c2c        0x4 Core/Src/main.o
                0x0000000020012c2c                view_index
 .bss.timer_count
                0x0000000020012c30        0x2 Core/Src/mylibrary.o
                0x0000000020012c30                timer_count
 .bss.buffer_index
                0x0000000020012c32        0x2 Core/Src/mylibrary.o
                0x0000000020012c32                buffer_index
 *(COMMON)
 COMMON         0x0000000020012c34       0xa8 Core/Src/ltdc.o
                0x0000000020012c34                hltdc
 COMMON         0x0000000020012cdc       0xc2 Core/Src/main.o
                0x0000000020012cdc                huart1
                0x0000000020012d1c                hrtc
                0x0000000020012d3c                htim6
                0x0000000020012d7c                time
                0x0000000020012d88                min
                0x0000000020012d8c                sec
                0x0000000020012d90                hr
                0x0000000020012d94                date
 *fill*         0x0000000020012d9e        0x2 
 COMMON         0x0000000020012da0      0x9ed Core/Src/mylibrary.o
                0x0000000020012da0                mdate
                0x0000000020012da4                schedule
                0x000000002001331c                apm
                0x0000000020013320                buffer
                0x0000000020013708                testnum
                0x000000002001370c                mtime
                0x0000000020013714                med
                0x0000000020013724                bufferarr
                0x0000000020013788                nbin
                0x000000002001378c                npill
 *fill*         0x000000002001378d        0x3 
 COMMON         0x0000000020013790       0x58 Core/Src/spi.o
                0x0000000020013790                hspi5
 COMMON         0x00000000200137e8        0x4 Drivers/STM32F4xx_HAL_Driver/Src/stm32f4xx_hal.o
                0x00000000200137e8                uwTick
                0x00000000200137ec                . = ALIGN (0x4)
                0x00000000200137ec                _ebss = .
                0x00000000200137ec                __bss_end__ = _ebss

._user_heap_stack
                0x00000000200137ec      0x604 load address 0x0000000008019d2c
                0x00000000200137f0                . = ALIGN (0x8)
 *fill*         0x00000000200137ec        0x4 
                [!provide]                        PROVIDE (end = .)
                0x00000000200137f0                PROVIDE (_end = .)
                0x00000000200139f0                . = (. + _Min_Heap_Size)
 *fill*         0x00000000200137f0      0x200 
                0x0000000020013df0                . = (. + _Min_Stack_Size)
 *fill*         0x00000000200139f0      0x400 
                0x0000000020013df0                . = ALIGN (0x8)

/DISCARD/
 libc.a(*)
 libm.a(*)
 libgcc.a(*)

.ARM.attributes
                0x0000000000000000       0x30
 *(.ARM.attributes)
 .ARM.attributes
                0x0000000000000000       0x1e c:/st/stm32cubeide_1.5.1/stm32cubeide/plugins/com.st.stm32cube.ide.mcu.externaltools.gnu-tools-for-stm32.9-2020-q2-update.win32_1.5.0.202011040924/tools/bin/../lib/gcc/arm-none-eabi/9.3.1/thumb/v7e-m+fp/hard/crti.o
 .ARM.attributes
                0x000000000000001e       0x34 c:/st/stm32cubeide_1.5.1/stm32cubeide/plugins/com.st.stm32cube.ide.mcu.externaltools.gnu-tools-for-stm32.9-2020-q2-update.win32_1.5.0.202011040924/tools/bin/../lib/gcc/arm-none-eabi/9.3.1/thumb/v7e-m+fp/hard/crtbegin.o
 .ARM.attributes
                0x0000000000000052       0x34 Core/Src/graphic.o
 .ARM.attributes
                0x0000000000000086       0x34 Core/Src/lcd.o
 .ARM.attributes
                0x00000000000000ba       0x34 Core/Src/ltdc.o
 .ARM.attributes
                0x00000000000000ee       0x34 Core/Src/main.o
 .ARM.attributes
                0x0000000000000122       0x34 Core/Src/mylibrary.o
 .ARM.attributes
                0x0000000000000156       0x34 Core/Src/screens.o
 .ARM.attributes
                0x000000000000018a       0x34 Core/Src/spi.o
 .ARM.attributes
                0x00000000000001be       0x34 Core/Src/stm32f4xx_hal_msp.o
 .ARM.attributes
                0x00000000000001f2       0x34 Core/Src/stm32f4xx_it.o
 .ARM.attributes
                0x0000000000000226       0x34 Core/Src/system_stm32f4xx.o
 .ARM.attributes
                0x000000000000025a       0x21 Core/Startup/startup_stm32f429zitx.o
 .ARM.attributes
                0x000000000000027b       0x34 Drivers/STM32F4xx_HAL_Driver/Src/stm32f4xx_hal.o
 .ARM.attributes
                0x00000000000002af       0x34 Drivers/STM32F4xx_HAL_Driver/Src/stm32f4xx_hal_cortex.o
 .ARM.attributes
                0x00000000000002e3       0x34 Drivers/STM32F4xx_HAL_Driver/Src/stm32f4xx_hal_dma.o
 .ARM.attributes
                0x0000000000000317       0x34 Drivers/STM32F4xx_HAL_Driver/Src/stm32f4xx_hal_gpio.o
 .ARM.attributes
                0x000000000000034b       0x34 Drivers/STM32F4xx_HAL_Driver/Src/stm32f4xx_hal_ltdc.o
 .ARM.attributes
                0x000000000000037f       0x34 Drivers/STM32F4xx_HAL_Driver/Src/stm32f4xx_hal_pwr_ex.o
 .ARM.attributes
                0x00000000000003b3       0x34 Drivers/STM32F4xx_HAL_Driver/Src/stm32f4xx_hal_rcc.o
 .ARM.attributes
                0x00000000000003e7       0x34 Drivers/STM32F4xx_HAL_Driver/Src/stm32f4xx_hal_rcc_ex.o
 .ARM.attributes
                0x000000000000041b       0x34 Drivers/STM32F4xx_HAL_Driver/Src/stm32f4xx_hal_rtc.o
 .ARM.attributes
                0x000000000000044f       0x34 Drivers/STM32F4xx_HAL_Driver/Src/stm32f4xx_hal_rtc_ex.o
 .ARM.attributes
                0x0000000000000483       0x34 Drivers/STM32F4xx_HAL_Driver/Src/stm32f4xx_hal_spi.o
 .ARM.attributes
                0x00000000000004b7       0x34 Drivers/STM32F4xx_HAL_Driver/Src/stm32f4xx_hal_tim.o
 .ARM.attributes
                0x00000000000004eb       0x34 Drivers/STM32F4xx_HAL_Driver/Src/stm32f4xx_hal_tim_ex.o
 .ARM.attributes
                0x000000000000051f       0x34 Drivers/STM32F4xx_HAL_Driver/Src/stm32f4xx_hal_uart.o
 .ARM.attributes
                0x0000000000000553       0x34 c:/st/stm32cubeide_1.5.1/stm32cubeide/plugins/com.st.stm32cube.ide.mcu.externaltools.gnu-tools-for-stm32.9-2020-q2-update.win32_1.5.0.202011040924/tools/bin/../lib/gcc/arm-none-eabi/9.3.1/../../../../arm-none-eabi/lib/thumb/v7e-m+fp/hard\libc_nano.a(lib_a-init.o)
 .ARM.attributes
                0x0000000000000587       0x34 c:/st/stm32cubeide_1.5.1/stm32cubeide/plugins/com.st.stm32cube.ide.mcu.externaltools.gnu-tools-for-stm32.9-2020-q2-update.win32_1.5.0.202011040924/tools/bin/../lib/gcc/arm-none-eabi/9.3.1/../../../../arm-none-eabi/lib/thumb/v7e-m+fp/hard\libc_nano.a(lib_a-memset.o)
 .ARM.attributes
                0x00000000000005bb       0x17 c:/st/stm32cubeide_1.5.1/stm32cubeide/plugins/com.st.stm32cube.ide.mcu.externaltools.gnu-tools-for-stm32.9-2020-q2-update.win32_1.5.0.202011040924/tools/bin/../lib/gcc/arm-none-eabi/9.3.1/../../../../arm-none-eabi/lib/thumb/v7e-m+fp/hard\libc_nano.a(lib_a-strlen.o)
 .ARM.attributes
                0x00000000000005d2       0x1e c:/st/stm32cubeide_1.5.1/stm32cubeide/plugins/com.st.stm32cube.ide.mcu.externaltools.gnu-tools-for-stm32.9-2020-q2-update.win32_1.5.0.202011040924/tools/bin/../lib/gcc/arm-none-eabi/9.3.1/thumb/v7e-m+fp/hard\libgcc.a(_aeabi_uldivmod.o)
 .ARM.attributes
                0x00000000000005f0       0x34 c:/st/stm32cubeide_1.5.1/stm32cubeide/plugins/com.st.stm32cube.ide.mcu.externaltools.gnu-tools-for-stm32.9-2020-q2-update.win32_1.5.0.202011040924/tools/bin/../lib/gcc/arm-none-eabi/9.3.1/thumb/v7e-m+fp/hard\libgcc.a(_udivmoddi4.o)
 .ARM.attributes
                0x0000000000000624       0x1e c:/st/stm32cubeide_1.5.1/stm32cubeide/plugins/com.st.stm32cube.ide.mcu.externaltools.gnu-tools-for-stm32.9-2020-q2-update.win32_1.5.0.202011040924/tools/bin/../lib/gcc/arm-none-eabi/9.3.1/thumb/v7e-m+fp/hard\libgcc.a(_dvmd_tls.o)
 .ARM.attributes
                0x0000000000000642       0x1e c:/st/stm32cubeide_1.5.1/stm32cubeide/plugins/com.st.stm32cube.ide.mcu.externaltools.gnu-tools-for-stm32.9-2020-q2-update.win32_1.5.0.202011040924/tools/bin/../lib/gcc/arm-none-eabi/9.3.1/thumb/v7e-m+fp/hard/crtn.o
OUTPUT(PAMA_LCD_BLUETOOTH_1.elf elf32-littlearm)
LOAD linker stubs
LOAD c:/st/stm32cubeide_1.5.1/stm32cubeide/plugins/com.st.stm32cube.ide.mcu.externaltools.gnu-tools-for-stm32.9-2020-q2-update.win32_1.5.0.202011040924/tools/bin/../lib/gcc/arm-none-eabi/9.3.1/../../../../arm-none-eabi/lib/thumb/v7e-m+fp/hard\libc.a
LOAD c:/st/stm32cubeide_1.5.1/stm32cubeide/plugins/com.st.stm32cube.ide.mcu.externaltools.gnu-tools-for-stm32.9-2020-q2-update.win32_1.5.0.202011040924/tools/bin/../lib/gcc/arm-none-eabi/9.3.1/../../../../arm-none-eabi/lib/thumb/v7e-m+fp/hard\libm.a
LOAD c:/st/stm32cubeide_1.5.1/stm32cubeide/plugins/com.st.stm32cube.ide.mcu.externaltools.gnu-tools-for-stm32.9-2020-q2-update.win32_1.5.0.202011040924/tools/bin/../lib/gcc/arm-none-eabi/9.3.1/thumb/v7e-m+fp/hard\libgcc.a

.debug_info     0x0000000000000000    0x1938f
 .debug_info    0x0000000000000000     0x1a72 Core/Src/graphic.o
 .debug_info    0x0000000000001a72     0x18f0 Core/Src/lcd.o
 .debug_info    0x0000000000003362      0x9e7 Core/Src/ltdc.o
 .debug_info    0x0000000000003d49     0x2965 Core/Src/main.o
 .debug_info    0x00000000000066ae     0x127b Core/Src/mylibrary.o
 .debug_info    0x0000000000007929      0xb21 Core/Src/screens.o
 .debug_info    0x000000000000844a      0xa70 Core/Src/spi.o
 .debug_info    0x0000000000008eba     0x12ff Core/Src/stm32f4xx_hal_msp.o
 .debug_info    0x000000000000a1b9     0x169a Core/Src/stm32f4xx_it.o
 .debug_info    0x000000000000b853      0x5c0 Core/Src/system_stm32f4xx.o
 .debug_info    0x000000000000be13       0x22 Core/Startup/startup_stm32f429zitx.o
 .debug_info    0x000000000000be35      0xa2a Drivers/STM32F4xx_HAL_Driver/Src/stm32f4xx_hal.o
 .debug_info    0x000000000000c85f      0xf0d Drivers/STM32F4xx_HAL_Driver/Src/stm32f4xx_hal_cortex.o
 .debug_info    0x000000000000d76c      0x9f1 Drivers/STM32F4xx_HAL_Driver/Src/stm32f4xx_hal_dma.o
 .debug_info    0x000000000000e15d      0x84a Drivers/STM32F4xx_HAL_Driver/Src/stm32f4xx_hal_gpio.o
 .debug_info    0x000000000000e9a7     0x121e Drivers/STM32F4xx_HAL_Driver/Src/stm32f4xx_hal_ltdc.o
 .debug_info    0x000000000000fbc5      0x7ae Drivers/STM32F4xx_HAL_Driver/Src/stm32f4xx_hal_pwr_ex.o
 .debug_info    0x0000000000010373      0x9b2 Drivers/STM32F4xx_HAL_Driver/Src/stm32f4xx_hal_rcc.o
 .debug_info    0x0000000000010d25      0x723 Drivers/STM32F4xx_HAL_Driver/Src/stm32f4xx_hal_rcc_ex.o
 .debug_info    0x0000000000011448      0xc75 Drivers/STM32F4xx_HAL_Driver/Src/stm32f4xx_hal_rtc.o
 .debug_info    0x00000000000120bd      0xfdb Drivers/STM32F4xx_HAL_Driver/Src/stm32f4xx_hal_rtc_ex.o
 .debug_info    0x0000000000013098     0x1674 Drivers/STM32F4xx_HAL_Driver/Src/stm32f4xx_hal_spi.o
 .debug_info    0x000000000001470c     0x26cd Drivers/STM32F4xx_HAL_Driver/Src/stm32f4xx_hal_tim.o
 .debug_info    0x0000000000016dd9     0x125f Drivers/STM32F4xx_HAL_Driver/Src/stm32f4xx_hal_tim_ex.o
 .debug_info    0x0000000000018038     0x1357 Drivers/STM32F4xx_HAL_Driver/Src/stm32f4xx_hal_uart.o

.debug_abbrev   0x0000000000000000     0x344e
 .debug_abbrev  0x0000000000000000      0x1a8 Core/Src/graphic.o
 .debug_abbrev  0x00000000000001a8      0x299 Core/Src/lcd.o
 .debug_abbrev  0x0000000000000441      0x193 Core/Src/ltdc.o
 .debug_abbrev  0x00000000000005d4      0x358 Core/Src/main.o
 .debug_abbrev  0x000000000000092c      0x2b7 Core/Src/mylibrary.o
 .debug_abbrev  0x0000000000000be3      0x241 Core/Src/screens.o
 .debug_abbrev  0x0000000000000e24      0x1bb Core/Src/spi.o
 .debug_abbrev  0x0000000000000fdf      0x1c8 Core/Src/stm32f4xx_hal_msp.o
 .debug_abbrev  0x00000000000011a7      0x20f Core/Src/stm32f4xx_it.o
 .debug_abbrev  0x00000000000013b6      0x145 Core/Src/system_stm32f4xx.o
 .debug_abbrev  0x00000000000014fb       0x12 Core/Startup/startup_stm32f429zitx.o
 .debug_abbrev  0x000000000000150d      0x1ed Drivers/STM32F4xx_HAL_Driver/Src/stm32f4xx_hal.o
 .debug_abbrev  0x00000000000016fa      0x33c Drivers/STM32F4xx_HAL_Driver/Src/stm32f4xx_hal_cortex.o
 .debug_abbrev  0x0000000000001a36      0x259 Drivers/STM32F4xx_HAL_Driver/Src/stm32f4xx_hal_dma.o
 .debug_abbrev  0x0000000000001c8f      0x1f1 Drivers/STM32F4xx_HAL_Driver/Src/stm32f4xx_hal_gpio.o
 .debug_abbrev  0x0000000000001e80      0x260 Drivers/STM32F4xx_HAL_Driver/Src/stm32f4xx_hal_ltdc.o
 .debug_abbrev  0x00000000000020e0      0x1da Drivers/STM32F4xx_HAL_Driver/Src/stm32f4xx_hal_pwr_ex.o
 .debug_abbrev  0x00000000000022ba      0x275 Drivers/STM32F4xx_HAL_Driver/Src/stm32f4xx_hal_rcc.o
 .debug_abbrev  0x000000000000252f      0x18f Drivers/STM32F4xx_HAL_Driver/Src/stm32f4xx_hal_rcc_ex.o
 .debug_abbrev  0x00000000000026be      0x1e4 Drivers/STM32F4xx_HAL_Driver/Src/stm32f4xx_hal_rtc.o
 .debug_abbrev  0x00000000000028a2      0x213 Drivers/STM32F4xx_HAL_Driver/Src/stm32f4xx_hal_rtc_ex.o
 .debug_abbrev  0x0000000000002ab5      0x27f Drivers/STM32F4xx_HAL_Driver/Src/stm32f4xx_hal_spi.o
 .debug_abbrev  0x0000000000002d34      0x25e Drivers/STM32F4xx_HAL_Driver/Src/stm32f4xx_hal_tim.o
 .debug_abbrev  0x0000000000002f92      0x24c Drivers/STM32F4xx_HAL_Driver/Src/stm32f4xx_hal_tim_ex.o
 .debug_abbrev  0x00000000000031de      0x270 Drivers/STM32F4xx_HAL_Driver/Src/stm32f4xx_hal_uart.o

.debug_aranges  0x0000000000000000     0x14b0
 .debug_aranges
                0x0000000000000000      0x178 Core/Src/graphic.o
 .debug_aranges
                0x0000000000000178       0x78 Core/Src/lcd.o
 .debug_aranges
                0x00000000000001f0       0x30 Core/Src/ltdc.o
 .debug_aranges
                0x0000000000000220       0x98 Core/Src/main.o
 .debug_aranges
                0x00000000000002b8       0x48 Core/Src/mylibrary.o
 .debug_aranges
                0x0000000000000300       0x58 Core/Src/screens.o
 .debug_aranges
                0x0000000000000358       0x30 Core/Src/spi.o
 .debug_aranges
                0x0000000000000388       0x50 Core/Src/stm32f4xx_hal_msp.o
 .debug_aranges
                0x00000000000003d8       0x78 Core/Src/stm32f4xx_it.o
 .debug_aranges
                0x0000000000000450       0x28 Core/Src/system_stm32f4xx.o
 .debug_aranges
                0x0000000000000478       0x28 Core/Startup/startup_stm32f429zitx.o
 .debug_aranges
                0x00000000000004a0      0x100 Drivers/STM32F4xx_HAL_Driver/Src/stm32f4xx_hal.o
 .debug_aranges
                0x00000000000005a0      0x118 Drivers/STM32F4xx_HAL_Driver/Src/stm32f4xx_hal_cortex.o
 .debug_aranges
                0x00000000000006b8       0x90 Drivers/STM32F4xx_HAL_Driver/Src/stm32f4xx_hal_dma.o
 .debug_aranges
                0x0000000000000748       0x58 Drivers/STM32F4xx_HAL_Driver/Src/stm32f4xx_hal_gpio.o
 .debug_aranges
                0x00000000000007a0      0x158 Drivers/STM32F4xx_HAL_Driver/Src/stm32f4xx_hal_ltdc.o
 .debug_aranges
                0x00000000000008f8       0x60 Drivers/STM32F4xx_HAL_Driver/Src/stm32f4xx_hal_pwr_ex.o
 .debug_aranges
                0x0000000000000958       0x88 Drivers/STM32F4xx_HAL_Driver/Src/stm32f4xx_hal_rcc.o
 .debug_aranges
                0x00000000000009e0       0x58 Drivers/STM32F4xx_HAL_Driver/Src/stm32f4xx_hal_rcc_ex.o
 .debug_aranges
                0x0000000000000a38       0xb8 Drivers/STM32F4xx_HAL_Driver/Src/stm32f4xx_hal_rtc.o
 .debug_aranges
                0x0000000000000af0      0x130 Drivers/STM32F4xx_HAL_Driver/Src/stm32f4xx_hal_rtc_ex.o
 .debug_aranges
                0x0000000000000c20      0x1c8 Drivers/STM32F4xx_HAL_Driver/Src/stm32f4xx_hal_spi.o
 .debug_aranges
                0x0000000000000de8      0x3a8 Drivers/STM32F4xx_HAL_Driver/Src/stm32f4xx_hal_tim.o
 .debug_aranges
                0x0000000000001190      0x150 Drivers/STM32F4xx_HAL_Driver/Src/stm32f4xx_hal_tim_ex.o
 .debug_aranges
                0x00000000000012e0      0x1d0 Drivers/STM32F4xx_HAL_Driver/Src/stm32f4xx_hal_uart.o

.debug_ranges   0x0000000000000000     0x1328
 .debug_ranges  0x0000000000000000      0x168 Core/Src/graphic.o
 .debug_ranges  0x0000000000000168       0x68 Core/Src/lcd.o
 .debug_ranges  0x00000000000001d0       0x20 Core/Src/ltdc.o
 .debug_ranges  0x00000000000001f0       0x88 Core/Src/main.o
 .debug_ranges  0x0000000000000278       0x38 Core/Src/mylibrary.o
 .debug_ranges  0x00000000000002b0       0x48 Core/Src/screens.o
 .debug_ranges  0x00000000000002f8       0x20 Core/Src/spi.o
 .debug_ranges  0x0000000000000318       0x40 Core/Src/stm32f4xx_hal_msp.o
 .debug_ranges  0x0000000000000358       0x68 Core/Src/stm32f4xx_it.o
 .debug_ranges  0x00000000000003c0       0x18 Core/Src/system_stm32f4xx.o
 .debug_ranges  0x00000000000003d8       0x20 Core/Startup/startup_stm32f429zitx.o
 .debug_ranges  0x00000000000003f8       0xf0 Drivers/STM32F4xx_HAL_Driver/Src/stm32f4xx_hal.o
 .debug_ranges  0x00000000000004e8      0x108 Drivers/STM32F4xx_HAL_Driver/Src/stm32f4xx_hal_cortex.o
 .debug_ranges  0x00000000000005f0       0x80 Drivers/STM32F4xx_HAL_Driver/Src/stm32f4xx_hal_dma.o
 .debug_ranges  0x0000000000000670       0x48 Drivers/STM32F4xx_HAL_Driver/Src/stm32f4xx_hal_gpio.o
 .debug_ranges  0x00000000000006b8      0x148 Drivers/STM32F4xx_HAL_Driver/Src/stm32f4xx_hal_ltdc.o
 .debug_ranges  0x0000000000000800       0x50 Drivers/STM32F4xx_HAL_Driver/Src/stm32f4xx_hal_pwr_ex.o
 .debug_ranges  0x0000000000000850       0x78 Drivers/STM32F4xx_HAL_Driver/Src/stm32f4xx_hal_rcc.o
 .debug_ranges  0x00000000000008c8       0x48 Drivers/STM32F4xx_HAL_Driver/Src/stm32f4xx_hal_rcc_ex.o
 .debug_ranges  0x0000000000000910       0xa8 Drivers/STM32F4xx_HAL_Driver/Src/stm32f4xx_hal_rtc.o
 .debug_ranges  0x00000000000009b8      0x120 Drivers/STM32F4xx_HAL_Driver/Src/stm32f4xx_hal_rtc_ex.o
 .debug_ranges  0x0000000000000ad8      0x1b8 Drivers/STM32F4xx_HAL_Driver/Src/stm32f4xx_hal_spi.o
 .debug_ranges  0x0000000000000c90      0x398 Drivers/STM32F4xx_HAL_Driver/Src/stm32f4xx_hal_tim.o
 .debug_ranges  0x0000000000001028      0x140 Drivers/STM32F4xx_HAL_Driver/Src/stm32f4xx_hal_tim_ex.o
 .debug_ranges  0x0000000000001168      0x1c0 Drivers/STM32F4xx_HAL_Driver/Src/stm32f4xx_hal_uart.o

.debug_macro    0x0000000000000000    0x26639
 .debug_macro   0x0000000000000000      0x223 Core/Src/graphic.o
 .debug_macro   0x0000000000000223      0xaa8 Core/Src/graphic.o
 .debug_macro   0x0000000000000ccb      0x2ad Core/Src/graphic.o
 .debug_macro   0x0000000000000f78       0x2e Core/Src/graphic.o
 .debug_macro   0x0000000000000fa6       0x28 Core/Src/graphic.o
 .debug_macro   0x0000000000000fce       0x22 Core/Src/graphic.o
 .debug_macro   0x0000000000000ff0       0x8e Core/Src/graphic.o
 .debug_macro   0x000000000000107e       0x51 Core/Src/graphic.o
 .debug_macro   0x00000000000010cf      0x103 Core/Src/graphic.o
 .debug_macro   0x00000000000011d2       0x6a Core/Src/graphic.o
 .debug_macro   0x000000000000123c      0x1df Core/Src/graphic.o
 .debug_macro   0x000000000000141b       0x1c Core/Src/graphic.o
 .debug_macro   0x0000000000001437       0x22 Core/Src/graphic.o
 .debug_macro   0x0000000000001459       0xdf Core/Src/graphic.o
 .debug_macro   0x0000000000001538     0x102d Core/Src/graphic.o
 .debug_macro   0x0000000000002565      0x11f Core/Src/graphic.o
 .debug_macro   0x0000000000002684    0x17f69 Core/Src/graphic.o
 .debug_macro   0x000000000001a5ed       0x43 Core/Src/graphic.o
 .debug_macro   0x000000000001a630     0x36c9 Core/Src/graphic.o
 .debug_macro   0x000000000001dcf9      0x174 Core/Src/graphic.o
 .debug_macro   0x000000000001de6d       0x5a Core/Src/graphic.o
 .debug_macro   0x000000000001dec7      0xca5 Core/Src/graphic.o
 .debug_macro   0x000000000001eb6c      0x9fe Core/Src/graphic.o
 .debug_macro   0x000000000001f56a      0x117 Core/Src/graphic.o
 .debug_macro   0x000000000001f681      0x157 Core/Src/graphic.o
 .debug_macro   0x000000000001f7d8       0x27 Core/Src/graphic.o
 .debug_macro   0x000000000001f7ff      0x182 Core/Src/graphic.o
 .debug_macro   0x000000000001f981      0x287 Core/Src/graphic.o
 .debug_macro   0x000000000001fc08       0x5f Core/Src/graphic.o
 .debug_macro   0x000000000001fc67      0x236 Core/Src/graphic.o
 .debug_macro   0x000000000001fe9d      0x132 Core/Src/graphic.o
 .debug_macro   0x000000000001ffcf      0x41d Core/Src/graphic.o
 .debug_macro   0x00000000000203ec       0x2e Core/Src/graphic.o
 .debug_macro   0x000000000002041a      0x198 Core/Src/graphic.o
 .debug_macro   0x00000000000205b2       0xd6 Core/Src/graphic.o
 .debug_macro   0x0000000000020688      0x11a Core/Src/graphic.o
 .debug_macro   0x00000000000207a2       0xe2 Core/Src/graphic.o
 .debug_macro   0x0000000000020884       0x89 Core/Src/graphic.o
 .debug_macro   0x000000000002090d      0x31a Core/Src/graphic.o
 .debug_macro   0x0000000000020c27      0x405 Core/Src/graphic.o
 .debug_macro   0x000000000002102c       0xe4 Core/Src/graphic.o
 .debug_macro   0x0000000000021110      0x202 Core/Src/graphic.o
 .debug_macro   0x0000000000021312      0x8a0 Core/Src/graphic.o
 .debug_macro   0x0000000000021bb2       0x47 Core/Src/graphic.o
 .debug_macro   0x0000000000021bf9      0x287 Core/Src/graphic.o
 .debug_macro   0x0000000000021e80      0x134 Core/Src/graphic.o
 .debug_macro   0x0000000000021fb4      0x148 Core/Src/graphic.o
 .debug_macro   0x00000000000220fc       0x2e Core/Src/graphic.o
 .debug_macro   0x000000000002212a      0x3dd Core/Src/lcd.o
 .debug_macro   0x0000000000022507      0x1fc Core/Src/lcd.o
 .debug_macro   0x0000000000022703       0x52 Core/Src/lcd.o
 .debug_macro   0x0000000000022755       0x18 Core/Src/lcd.o
 .debug_macro   0x000000000002276d       0x3c Core/Src/lcd.o
 .debug_macro   0x00000000000227a9       0x34 Core/Src/lcd.o
 .debug_macro   0x00000000000227dd       0x16 Core/Src/lcd.o
 .debug_macro   0x00000000000227f3       0x35 Core/Src/lcd.o
 .debug_macro   0x0000000000022828      0x333 Core/Src/lcd.o
 .debug_macro   0x0000000000022b5b       0x10 Core/Src/lcd.o
 .debug_macro   0x0000000000022b6b       0x16 Core/Src/lcd.o
 .debug_macro   0x0000000000022b81       0x43 Core/Src/lcd.o
 .debug_macro   0x0000000000022bc4       0x34 Core/Src/lcd.o
 .debug_macro   0x0000000000022bf8       0x10 Core/Src/lcd.o
 .debug_macro   0x0000000000022c08       0x58 Core/Src/lcd.o
 .debug_macro   0x0000000000022c60       0x71 Core/Src/lcd.o
 .debug_macro   0x0000000000022cd1       0x1c Core/Src/lcd.o
 .debug_macro   0x0000000000022ced      0x12a Core/Src/lcd.o
 .debug_macro   0x0000000000022e17       0x10 Core/Src/lcd.o
 .debug_macro   0x0000000000022e27       0x1c Core/Src/lcd.o
 .debug_macro   0x0000000000022e43       0x52 Core/Src/lcd.o
 .debug_macro   0x0000000000022e95       0x22 Core/Src/lcd.o
 .debug_macro   0x0000000000022eb7       0x10 Core/Src/lcd.o
 .debug_macro   0x0000000000022ec7       0x40 Core/Src/lcd.o
 .debug_macro   0x0000000000022f07       0xd5 Core/Src/lcd.o
 .debug_macro   0x0000000000022fdc       0x1c Core/Src/lcd.o
 .debug_macro   0x0000000000022ff8       0x3d Core/Src/lcd.o
 .debug_macro   0x0000000000023035       0x16 Core/Src/lcd.o
 .debug_macro   0x000000000002304b      0x145 Core/Src/lcd.o
 .debug_macro   0x0000000000023190       0x16 Core/Src/lcd.o
 .debug_macro   0x00000000000231a6       0x20 Core/Src/lcd.o
 .debug_macro   0x00000000000231c6      0x224 Core/Src/ltdc.o
 .debug_macro   0x00000000000233ea      0x426 Core/Src/main.o
 .debug_macro   0x0000000000023810       0x10 Core/Src/main.o
 .debug_macro   0x0000000000023820       0x1c Core/Src/main.o
 .debug_macro   0x000000000002383c       0x16 Core/Src/main.o
 .debug_macro   0x0000000000023852       0x16 Core/Src/main.o
 .debug_macro   0x0000000000023868       0x29 Core/Src/main.o
 .debug_macro   0x0000000000023891      0x3e7 Core/Src/mylibrary.o
 .debug_macro   0x0000000000023c78      0x2fb Core/Src/screens.o
 .debug_macro   0x0000000000023f73      0x224 Core/Src/spi.o
 .debug_macro   0x0000000000024197      0x21a Core/Src/stm32f4xx_hal_msp.o
 .debug_macro   0x00000000000243b1      0x300 Core/Src/stm32f4xx_it.o
 .debug_macro   0x00000000000246b1      0x20b Core/Src/system_stm32f4xx.o
 .debug_macro   0x00000000000248bc      0x26b Drivers/STM32F4xx_HAL_Driver/Src/stm32f4xx_hal.o
 .debug_macro   0x0000000000024b27      0x20b Drivers/STM32F4xx_HAL_Driver/Src/stm32f4xx_hal_cortex.o
 .debug_macro   0x0000000000024d32      0x211 Drivers/STM32F4xx_HAL_Driver/Src/stm32f4xx_hal_dma.o
 .debug_macro   0x0000000000024f43      0x241 Drivers/STM32F4xx_HAL_Driver/Src/stm32f4xx_hal_gpio.o
 .debug_macro   0x0000000000025184      0x20b Drivers/STM32F4xx_HAL_Driver/Src/stm32f4xx_hal_ltdc.o
 .debug_macro   0x000000000002538f      0x223 Drivers/STM32F4xx_HAL_Driver/Src/stm32f4xx_hal_pwr_ex.o
 .debug_macro   0x00000000000255b2      0x22f Drivers/STM32F4xx_HAL_Driver/Src/stm32f4xx_hal_rcc.o
 .debug_macro   0x00000000000257e1      0x20b Drivers/STM32F4xx_HAL_Driver/Src/stm32f4xx_hal_rcc_ex.o
 .debug_macro   0x00000000000259ec      0x20c Drivers/STM32F4xx_HAL_Driver/Src/stm32f4xx_hal_rtc.o
 .debug_macro   0x0000000000025bf8      0x20b Drivers/STM32F4xx_HAL_Driver/Src/stm32f4xx_hal_rtc_ex.o
 .debug_macro   0x0000000000025e03      0x213 Drivers/STM32F4xx_HAL_Driver/Src/stm32f4xx_hal_spi.o
 .debug_macro   0x0000000000026016      0x20c Drivers/STM32F4xx_HAL_Driver/Src/stm32f4xx_hal_tim.o
 .debug_macro   0x0000000000026222      0x20b Drivers/STM32F4xx_HAL_Driver/Src/stm32f4xx_hal_tim_ex.o
 .debug_macro   0x000000000002642d      0x20c Drivers/STM32F4xx_HAL_Driver/Src/stm32f4xx_hal_uart.o

.debug_line     0x0000000000000000    0x17f4d
 .debug_line    0x0000000000000000     0x2067 Core/Src/graphic.o
 .debug_line    0x0000000000002067      0xc31 Core/Src/lcd.o
 .debug_line    0x0000000000002c98      0x854 Core/Src/ltdc.o
 .debug_line    0x00000000000034ec      0xd94 Core/Src/main.o
 .debug_line    0x0000000000004280      0xcae Core/Src/mylibrary.o
 .debug_line    0x0000000000004f2e      0xbb9 Core/Src/screens.o
 .debug_line    0x0000000000005ae7      0x7b2 Core/Src/spi.o
 .debug_line    0x0000000000006299      0x80b Core/Src/stm32f4xx_hal_msp.o
 .debug_line    0x0000000000006aa4      0x9d7 Core/Src/stm32f4xx_it.o
 .debug_line    0x000000000000747b      0x7c3 Core/Src/system_stm32f4xx.o
 .debug_line    0x0000000000007c3e       0x88 Core/Startup/startup_stm32f429zitx.o
 .debug_line    0x0000000000007cc6      0xa5f Drivers/STM32F4xx_HAL_Driver/Src/stm32f4xx_hal.o
 .debug_line    0x0000000000008725      0xcd8 Drivers/STM32F4xx_HAL_Driver/Src/stm32f4xx_hal_cortex.o
 .debug_line    0x00000000000093fd      0xf92 Drivers/STM32F4xx_HAL_Driver/Src/stm32f4xx_hal_dma.o
 .debug_line    0x000000000000a38f      0xbd9 Drivers/STM32F4xx_HAL_Driver/Src/stm32f4xx_hal_gpio.o
 .debug_line    0x000000000000af68     0x175e Drivers/STM32F4xx_HAL_Driver/Src/stm32f4xx_hal_ltdc.o
 .debug_line    0x000000000000c6c6      0x958 Drivers/STM32F4xx_HAL_Driver/Src/stm32f4xx_hal_pwr_ex.o
 .debug_line    0x000000000000d01e      0xd8c Drivers/STM32F4xx_HAL_Driver/Src/stm32f4xx_hal_rcc.o
 .debug_line    0x000000000000ddaa      0xbfa Drivers/STM32F4xx_HAL_Driver/Src/stm32f4xx_hal_rcc_ex.o
 .debug_line    0x000000000000e9a4     0x10ff Drivers/STM32F4xx_HAL_Driver/Src/stm32f4xx_hal_rtc.o
 .debug_line    0x000000000000faa3     0x150b Drivers/STM32F4xx_HAL_Driver/Src/stm32f4xx_hal_rtc_ex.o
 .debug_line    0x0000000000010fae     0x1b3e Drivers/STM32F4xx_HAL_Driver/Src/stm32f4xx_hal_spi.o
 .debug_line    0x0000000000012aec     0x2a06 Drivers/STM32F4xx_HAL_Driver/Src/stm32f4xx_hal_tim.o
 .debug_line    0x00000000000154f2     0x121a Drivers/STM32F4xx_HAL_Driver/Src/stm32f4xx_hal_tim_ex.o
 .debug_line    0x000000000001670c     0x1841 Drivers/STM32F4xx_HAL_Driver/Src/stm32f4xx_hal_uart.o

.debug_str      0x0000000000000000    0xe2f8d
 .debug_str     0x0000000000000000    0xd913e Core/Src/graphic.o
                                      0xd93c8 (size before relaxing)
 .debug_str     0x00000000000d913e     0x4f14 Core/Src/lcd.o
                                      0xde288 (size before relaxing)
 .debug_str     0x00000000000de052       0x8f Core/Src/ltdc.o
                                      0xd967c (size before relaxing)
 .debug_str     0x00000000000de0e1      0xfa9 Core/Src/main.o
                                      0xdec3a (size before relaxing)
 .debug_str     0x00000000000df08a       0xa4 Core/Src/mylibrary.o
                                      0xdd905 (size before relaxing)
 .debug_str     0x00000000000df12e       0x8d Core/Src/screens.o
                                      0xdc4d6 (size before relaxing)
 .debug_str     0x00000000000df1bb       0x4b Core/Src/spi.o
                                      0xd97e0 (size before relaxing)
 .debug_str     0x00000000000df206       0xae Core/Src/stm32f4xx_hal_msp.o
                                      0xda0fa (size before relaxing)
 .debug_str     0x00000000000df2b4       0xe6 Core/Src/stm32f4xx_it.o
                                      0xdccd7 (size before relaxing)
 .debug_str     0x00000000000df39a       0xaf Core/Src/system_stm32f4xx.o
                                      0xd8efb (size before relaxing)
 .debug_str     0x00000000000df449       0x36 Core/Startup/startup_stm32f429zitx.o
                                         0x6b (size before relaxing)
 .debug_str     0x00000000000df47f      0x5c8 Drivers/STM32F4xx_HAL_Driver/Src/stm32f4xx_hal.o
                                      0xd9a7c (size before relaxing)
 .debug_str     0x00000000000dfa47      0x399 Drivers/STM32F4xx_HAL_Driver/Src/stm32f4xx_hal_cortex.o
                                      0xd981d (size before relaxing)
 .debug_str     0x00000000000dfde0      0x31d Drivers/STM32F4xx_HAL_Driver/Src/stm32f4xx_hal_dma.o
                                      0xd9312 (size before relaxing)
 .debug_str     0x00000000000e00fd      0x20c Drivers/STM32F4xx_HAL_Driver/Src/stm32f4xx_hal_gpio.o
                                      0xd914f (size before relaxing)
 .debug_str     0x00000000000e0309      0x4a3 Drivers/STM32F4xx_HAL_Driver/Src/stm32f4xx_hal_ltdc.o
                                      0xd9556 (size before relaxing)
 .debug_str     0x00000000000e07ac      0x135 Drivers/STM32F4xx_HAL_Driver/Src/stm32f4xx_hal_pwr_ex.o
                                      0xd90f3 (size before relaxing)
 .debug_str     0x00000000000e08e1      0x259 Drivers/STM32F4xx_HAL_Driver/Src/stm32f4xx_hal_rcc.o
                                      0xd92fd (size before relaxing)
 .debug_str     0x00000000000e0b3a      0x145 Drivers/STM32F4xx_HAL_Driver/Src/stm32f4xx_hal_rcc_ex.o
                                      0xd90ee (size before relaxing)
 .debug_str     0x00000000000e0c7f      0x1ac Drivers/STM32F4xx_HAL_Driver/Src/stm32f4xx_hal_rtc.o
                                      0xd92aa (size before relaxing)
 .debug_str     0x00000000000e0e2b      0x56f Drivers/STM32F4xx_HAL_Driver/Src/stm32f4xx_hal_rtc_ex.o
                                      0xd95f0 (size before relaxing)
 .debug_str     0x00000000000e139a      0x4f3 Drivers/STM32F4xx_HAL_Driver/Src/stm32f4xx_hal_spi.o
                                      0xd96e6 (size before relaxing)
 .debug_str     0x00000000000e188d      0xd60 Drivers/STM32F4xx_HAL_Driver/Src/stm32f4xx_hal_tim.o
                                      0xda009 (size before relaxing)
 .debug_str     0x00000000000e25ed      0x4a2 Drivers/STM32F4xx_HAL_Driver/Src/stm32f4xx_hal_tim_ex.o
                                      0xd9809 (size before relaxing)
 .debug_str     0x00000000000e2a8f      0x4fe Drivers/STM32F4xx_HAL_Driver/Src/stm32f4xx_hal_uart.o
                                      0xd9749 (size before relaxing)

.comment        0x0000000000000000       0x53
 .comment       0x0000000000000000       0x53 Core/Src/graphic.o
                                         0x54 (size before relaxing)
 .comment       0x0000000000000053       0x54 Core/Src/lcd.o
 .comment       0x0000000000000053       0x54 Core/Src/ltdc.o
 .comment       0x0000000000000053       0x54 Core/Src/main.o
 .comment       0x0000000000000053       0x54 Core/Src/mylibrary.o
 .comment       0x0000000000000053       0x54 Core/Src/screens.o
 .comment       0x0000000000000053       0x54 Core/Src/spi.o
 .comment       0x0000000000000053       0x54 Core/Src/stm32f4xx_hal_msp.o
 .comment       0x0000000000000053       0x54 Core/Src/stm32f4xx_it.o
 .comment       0x0000000000000053       0x54 Core/Src/system_stm32f4xx.o
 .comment       0x0000000000000053       0x54 Drivers/STM32F4xx_HAL_Driver/Src/stm32f4xx_hal.o
 .comment       0x0000000000000053       0x54 Drivers/STM32F4xx_HAL_Driver/Src/stm32f4xx_hal_cortex.o
 .comment       0x0000000000000053       0x54 Drivers/STM32F4xx_HAL_Driver/Src/stm32f4xx_hal_dma.o
 .comment       0x0000000000000053       0x54 Drivers/STM32F4xx_HAL_Driver/Src/stm32f4xx_hal_gpio.o
 .comment       0x0000000000000053       0x54 Drivers/STM32F4xx_HAL_Driver/Src/stm32f4xx_hal_ltdc.o
 .comment       0x0000000000000053       0x54 Drivers/STM32F4xx_HAL_Driver/Src/stm32f4xx_hal_pwr_ex.o
 .comment       0x0000000000000053       0x54 Drivers/STM32F4xx_HAL_Driver/Src/stm32f4xx_hal_rcc.o
 .comment       0x0000000000000053       0x54 Drivers/STM32F4xx_HAL_Driver/Src/stm32f4xx_hal_rcc_ex.o
 .comment       0x0000000000000053       0x54 Drivers/STM32F4xx_HAL_Driver/Src/stm32f4xx_hal_rtc.o
 .comment       0x0000000000000053       0x54 Drivers/STM32F4xx_HAL_Driver/Src/stm32f4xx_hal_rtc_ex.o
 .comment       0x0000000000000053       0x54 Drivers/STM32F4xx_HAL_Driver/Src/stm32f4xx_hal_spi.o
 .comment       0x0000000000000053       0x54 Drivers/STM32F4xx_HAL_Driver/Src/stm32f4xx_hal_tim.o
 .comment       0x0000000000000053       0x54 Drivers/STM32F4xx_HAL_Driver/Src/stm32f4xx_hal_tim_ex.o
 .comment       0x0000000000000053       0x54 Drivers/STM32F4xx_HAL_Driver/Src/stm32f4xx_hal_uart.o

.debug_frame    0x0000000000000000     0x5604
 .debug_frame   0x0000000000000000      0x64c Core/Src/graphic.o
 .debug_frame   0x000000000000064c      0x1ac Core/Src/lcd.o
 .debug_frame   0x00000000000007f8       0x7c Core/Src/ltdc.o
 .debug_frame   0x0000000000000874      0x208 Core/Src/main.o
 .debug_frame   0x0000000000000a7c       0xf0 Core/Src/mylibrary.o
 .debug_frame   0x0000000000000b6c      0x104 Core/Src/screens.o
 .debug_frame   0x0000000000000c70       0x74 Core/Src/spi.o
 .debug_frame   0x0000000000000ce4      0x10c Core/Src/stm32f4xx_hal_msp.o
 .debug_frame   0x0000000000000df0      0x158 Core/Src/stm32f4xx_it.o
 .debug_frame   0x0000000000000f48       0x58 Core/Src/system_stm32f4xx.o
 .debug_frame   0x0000000000000fa0      0x3b4 Drivers/STM32F4xx_HAL_Driver/Src/stm32f4xx_hal.o
 .debug_frame   0x0000000000001354      0x498 Drivers/STM32F4xx_HAL_Driver/Src/stm32f4xx_hal_cortex.o
 .debug_frame   0x00000000000017ec      0x250 Drivers/STM32F4xx_HAL_Driver/Src/stm32f4xx_hal_dma.o
 .debug_frame   0x0000000000001a3c      0x14c Drivers/STM32F4xx_HAL_Driver/Src/stm32f4xx_hal_gpio.o
 .debug_frame   0x0000000000001b88      0x61c Drivers/STM32F4xx_HAL_Driver/Src/stm32f4xx_hal_ltdc.o
 .debug_frame   0x00000000000021a4      0x14c Drivers/STM32F4xx_HAL_Driver/Src/stm32f4xx_hal_pwr_ex.o
 .debug_frame   0x00000000000022f0      0x1ec Drivers/STM32F4xx_HAL_Driver/Src/stm32f4xx_hal_rcc.o
 .debug_frame   0x00000000000024dc      0x13c Drivers/STM32F4xx_HAL_Driver/Src/stm32f4xx_hal_rcc_ex.o
 .debug_frame   0x0000000000002618      0x308 Drivers/STM32F4xx_HAL_Driver/Src/stm32f4xx_hal_rtc.o
 .debug_frame   0x0000000000002920      0x548 Drivers/STM32F4xx_HAL_Driver/Src/stm32f4xx_hal_rtc_ex.o
 .debug_frame   0x0000000000002e68      0x7fc Drivers/STM32F4xx_HAL_Driver/Src/stm32f4xx_hal_spi.o
 .debug_frame   0x0000000000003664     0x10f0 Drivers/STM32F4xx_HAL_Driver/Src/stm32f4xx_hal_tim.o
 .debug_frame   0x0000000000004754      0x5c0 Drivers/STM32F4xx_HAL_Driver/Src/stm32f4xx_hal_tim_ex.o
 .debug_frame   0x0000000000004d14      0x844 Drivers/STM32F4xx_HAL_Driver/Src/stm32f4xx_hal_uart.o
 .debug_frame   0x0000000000005558       0x2c c:/st/stm32cubeide_1.5.1/stm32cubeide/plugins/com.st.stm32cube.ide.mcu.externaltools.gnu-tools-for-stm32.9-2020-q2-update.win32_1.5.0.202011040924/tools/bin/../lib/gcc/arm-none-eabi/9.3.1/../../../../arm-none-eabi/lib/thumb/v7e-m+fp/hard\libc_nano.a(lib_a-init.o)
 .debug_frame   0x0000000000005584       0x20 c:/st/stm32cubeide_1.5.1/stm32cubeide/plugins/com.st.stm32cube.ide.mcu.externaltools.gnu-tools-for-stm32.9-2020-q2-update.win32_1.5.0.202011040924/tools/bin/../lib/gcc/arm-none-eabi/9.3.1/../../../../arm-none-eabi/lib/thumb/v7e-m+fp/hard\libc_nano.a(lib_a-memset.o)
 .debug_frame   0x00000000000055a4       0x2c c:/st/stm32cubeide_1.5.1/stm32cubeide/plugins/com.st.stm32cube.ide.mcu.externaltools.gnu-tools-for-stm32.9-2020-q2-update.win32_1.5.0.202011040924/tools/bin/../lib/gcc/arm-none-eabi/9.3.1/thumb/v7e-m+fp/hard\libgcc.a(_aeabi_uldivmod.o)
 .debug_frame   0x00000000000055d0       0x34 c:/st/stm32cubeide_1.5.1/stm32cubeide/plugins/com.st.stm32cube.ide.mcu.externaltools.gnu-tools-for-stm32.9-2020-q2-update.win32_1.5.0.202011040924/tools/bin/../lib/gcc/arm-none-eabi/9.3.1/thumb/v7e-m+fp/hard\libgcc.a(_udivmoddi4.o)
