graphic.c:14:6:LCD_SetDrawAddr	24	static
graphic.c:31:6:LCD_SetColor	16	static
graphic.c:35:6:LCD_SetColorLtdc	16	static
graphic.c:39:6:LCD_DrawRect_Spi	40	static
graphic.c:49:6:LCD_DrawRect_Ltdc	32	static
graphic.c:58:6:LCD_A	40	static
graphic.c:71:6:LCD_B	40	static
graphic.c:84:6:LCD_C	40	static
graphic.c:97:6:LCD_D	40	static
graphic.c:110:6:LCD_E	40	static
graphic.c:123:6:LCD_F	40	static
graphic.c:136:6:LCD_G	40	static
graphic.c:149:6:LCD_H	40	static
graphic.c:162:6:LCD_I	40	static
graphic.c:175:6:LCD_J	40	static
graphic.c:188:6:LCD_K	40	static
graphic.c:201:6:LCD_L	40	static
graphic.c:214:6:LCD_M	40	static
graphic.c:227:6:LCD_N	40	static
graphic.c:240:6:LCD_O	40	static
graphic.c:253:6:LCD_P	40	static
graphic.c:266:6:LCD_Q	40	static
graphic.c:279:6:LCD_R	40	static
graphic.c:292:6:LCD_S	40	static
graphic.c:305:6:LCD_T	40	static
graphic.c:318:6:LCD_U	40	static
graphic.c:331:6:LCD_V	40	static
graphic.c:344:6:LCD_W	40	static
graphic.c:357:6:LCD_X	40	static
graphic.c:370:6:LCD_Y	40	static
graphic.c:383:6:LCD_Z	40	static
graphic.c:396:6:LCD_0	40	static
graphic.c:409:6:LCD_1	40	static
graphic.c:422:6:LCD_2	40	static
graphic.c:435:6:LCD_3	40	static
graphic.c:448:6:LCD_4	40	static
graphic.c:461:6:LCD_5	40	static
graphic.c:474:6:LCD_6	40	static
graphic.c:487:6:LCD_7	40	static
graphic.c:500:6:LCD_8	40	static
graphic.c:513:6:LCD_9	40	static
graphic.c:526:6:LCD_Period	40	static
graphic.c:539:6:LCD_Colon	40	static
graphic.c:552:6:LCD_ClearTime	8	static
