main.c:91:5:main	8	static
main.c:170:6:get_time	40	static
main.c:184:6:set_alarm	64	static
main.c:250:6:set_time	40	static
main.c:284:6:SystemClock_Config	136	static
main.c:348:13:MX_RTC_Init	8	static
main.c:392:13:MX_TIM6_Init	16	static
main.c:430:13:MX_USART1_UART_Init	8	static
main.c:463:13:MX_GPIO_Init	56	static
main.c:497:6:Error_Handler	4	static,ignoring_inline_asm
main.c:526:6:initializeGPIONVIC	32	static
main.c:578:6:EXTI0_IRQHandler	8	static
main.c:601:6:EXTI1_IRQHandler	8	static
main.c:607:6:EXTI2_IRQHandler	8	static
main.c:613:6:EXTI3_IRQHandler	8	static
main.c:619:6:EXTI4_IRQHandler	8	static
