main.c:91:5:main	8	static
main.c:171:6:get_time	40	static
main.c:185:6:set_alarm	64	static
main.c:251:6:set_time	40	static
main.c:285:6:SystemClock_Config	136	static
main.c:349:13:MX_RTC_Init	8	static
main.c:393:13:MX_TIM6_Init	16	static
main.c:431:13:MX_USART1_UART_Init	8	static
main.c:464:13:MX_GPIO_Init	56	static
main.c:498:6:Error_Handler	4	static,ignoring_inline_asm
main.c:527:6:initializeGPIONVIC	32	static
main.c:579:6:EXTI0_IRQHandler	8	static
main.c:602:6:EXTI1_IRQHandler	8	static
main.c:608:6:EXTI2_IRQHandler	8	static
main.c:614:6:EXTI3_IRQHandler	8	static
main.c:620:6:EXTI4_IRQHandler	8	static
